../Drivers/CMSIS/Include/core_cm4.h:1684:22:__NVIC_EnableIRQ	16	static,ignoring_inline_asm
../Drivers/CMSIS/Include/core_cm4.h:1814:22:__NVIC_SetPriority	16	static
../Drivers/CMSIS/Include/core_cm4.h:1938:34:__NVIC_SystemReset	4	static,ignoring_inline_asm
../Core/Src/main.c:139:5:main	16	static
../Core/Src/main.c:187:6:UART2_Init	4	static
../Core/Src/main.c:196:6:UART2_SendChar	16	static
../Core/Src/main.c:201:6:UART2_SendString	16	static
../Core/Src/main.c:205:6:ADC1_Init	16	static
../Core/Src/main.c:216:10:ADC1_Read	4	static
../Core/Src/main.c:223:6:Button_Init	4	static
../Core/Src/main.c:229:9:Read_Button	16	static
../Core/Src/main.c:233:6:LED_Init	4	static
../Core/Src/main.c:243:6:Gas_Valve_Init	4	static
../Core/Src/main.c:254:6:TIM2_Init	8	static
../Core/Src/main.c:264:9:Calculate_Red_LED_Frequency	24	static
../Core/Src/main.c:278:6:LED_Control	16	static
../Core/Src/main.c:293:6:Gas_Valve_Control	16	static
../Core/Src/main.c:307:6:Send_Gas_Value	40	static
../Core/Src/main.c:313:6:Handle_PB0_Press	16	static
../Core/Src/main.c:323:6:Handle_PB1_Press	16	static
../Core/Src/main.c:335:6:System_Reset	8	static
../Core/Src/main.c:341:6:Enter_Stop_Mode	8	static
../Core/Src/main.c:362:6:Exit_Stop_Mode	8	static
../Core/Src/main.c:372:6:make_triangle_sin_table	24	static
../Core/Src/main.c:381:6:delay_ms	24	static
../Core/Src/main.c:391:6:init_pwm	4	static
../Core/Src/main.c:409:6:update_pwm	4	static
../Core/Src/main.c:419:6:TIM2_IRQHandler	16	static
../Core/Src/main.c:460:6:I2C1_Init	4	static
../Core/Src/main.c:477:6:I2C_WriteByte	16	static
../Core/Src/main.c:491:6:SSD1306_Command	16	static
../Core/Src/main.c:495:6:SSD1306_Data	16	static
../Core/Src/main.c:499:6:SSD1306_Init	8	static
../Core/Src/main.c:519:6:SSD1306_Clear	16	static
../Core/Src/main.c:528:6:SSD1306_SetCursor	16	static
../Core/Src/main.c:534:6:SSD1306_PrintChar	24	static
../Core/Src/main.c:541:6:SSD1306_PrintString	16	static
../Core/Src/main.c:558:6:SSD1306_PrintNumber	24	static
../Core/Src/main.c:564:6:SSD1306_UpdateDisplay	8	static
