../Drivers/CMSIS/Include/core_cm4.h:1684:22:__NVIC_EnableIRQ	16	static,ignoring_inline_asm
../Drivers/CMSIS/Include/core_cm4.h:1814:22:__NVIC_SetPriority	16	static
../Drivers/CMSIS/Include/core_cm4.h:1938:34:__NVIC_SystemReset	4	static,ignoring_inline_asm
../Core/Src/main.c:85:5:main	16	static
../Core/Src/main.c:125:6:UART2_Init	4	static
../Core/Src/main.c:134:6:UART2_SendChar	16	static
../Core/Src/main.c:139:6:UART2_SendString	16	static
../Core/Src/main.c:143:6:ADC1_Init	16	static
../Core/Src/main.c:156:10:ADC1_Read	4	static
../Core/Src/main.c:163:6:Button_Init	4	static
../Core/Src/main.c:171:9:Read_Button	16	static
../Core/Src/main.c:175:6:LED_Init	4	static
../Core/Src/main.c:190:6:Gas_Valve_Init	4	static
../Core/Src/main.c:205:6:TIM2_Init	8	static
../Core/Src/main.c:216:9:Calculate_Red_LED_Frequency	24	static
../Core/Src/main.c:230:6:LED_Control	16	static
../Core/Src/main.c:246:6:Gas_Valve_Control	16	static
../Core/Src/main.c:263:6:Send_Gas_Value	40	static
../Core/Src/main.c:269:6:Handle_PB0_Press	16	static
../Core/Src/main.c:282:6:Handle_PB1_Press	16	static
../Core/Src/main.c:296:6:System_Reset	8	static
../Core/Src/main.c:302:6:Enter_Stop_Mode	8	static
../Core/Src/main.c:323:6:Exit_Stop_Mode	8	static
../Core/Src/main.c:334:6:TIM2_IRQHandler	16	static
../Core/Src/main.c:373:6:make_triangle_sin_table	24	static
../Core/Src/main.c:382:6:delay_ms	24	static
../Core/Src/main.c:392:6:init_pwm	4	static
../Core/Src/main.c:415:6:update_pwm	4	static
