../Drivers/CMSIS/Include/core_cm4.h:1684:22:__NVIC_EnableIRQ	16	static,ignoring_inline_asm
../Drivers/CMSIS/Include/core_cm4.h:1814:22:__NVIC_SetPriority	16	static
../Core/Src/main.c:44:5:main	112	static
../Core/Src/main.c:72:6:UART2_Init	4	static
../Core/Src/main.c:80:6:UART2_SendChar	16	static
../Core/Src/main.c:84:6:UART2_SendString	16	static
../Core/Src/main.c:87:6:ADC1_Init	16	static
../Core/Src/main.c:97:10:ADC1_Read	4	static
../Core/Src/main.c:102:6:LED_Init	4	static
../Core/Src/main.c:115:6:TIM2_Init	8	static
../Core/Src/main.c:127:9:Calculate_Red_LED_Frequency	24	static
../Core/Src/main.c:141:6:LED_Control	16	static
../Core/Src/main.c:158:6:Send_System_Status	168	static
../Core/Src/main.c:178:6:TIM2_IRQHandler	16	static
../Core/Src/main.c:205:6:make_triangle_sin_table	24	static
../Core/Src/main.c:215:6:delay_ms	24	static
../Core/Src/main.c:226:6:init_pwm	4	static
../Core/Src/main.c:250:6:update_pwm	4	static
