Archive member included to satisfy reference by file (symbol)

D:/app/STM32_Cube_IDE/STM32/STM32CubeIDE_1.17.0/STM32CubeIDE/plugins/com.st.stm32cube.ide.mcu.externaltools.gnu-tools-for-stm32.12.3.rel1.win32_1.1.0.202410251130/tools/bin/../lib/gcc/arm-none-eabi/12.3.1/../../../../arm-none-eabi/lib/thumb/v7e-m+fp/hard\libc_nano.a(libc_a-exit.o)
                              D:/app/STM32_Cube_IDE/STM32/STM32CubeIDE_1.17.0/STM32CubeIDE/plugins/com.st.stm32cube.ide.mcu.externaltools.gnu-tools-for-stm32.12.3.rel1.win32_1.1.0.202410251130/tools/bin/../lib/gcc/arm-none-eabi/12.3.1/../../../../arm-none-eabi/lib/thumb/v7e-m+fp/hard/crt0.o (exit)
D:/app/STM32_Cube_IDE/STM32/STM32CubeIDE_1.17.0/STM32CubeIDE/plugins/com.st.stm32cube.ide.mcu.externaltools.gnu-tools-for-stm32.12.3.rel1.win32_1.1.0.202410251130/tools/bin/../lib/gcc/arm-none-eabi/12.3.1/../../../../arm-none-eabi/lib/thumb/v7e-m+fp/hard\libc_nano.a(libc_a-findfp.o)
                              D:/app/STM32_Cube_IDE/STM32/STM32CubeIDE_1.17.0/STM32CubeIDE/plugins/com.st.stm32cube.ide.mcu.externaltools.gnu-tools-for-stm32.12.3.rel1.win32_1.1.0.202410251130/tools/bin/../lib/gcc/arm-none-eabi/12.3.1/../../../../arm-none-eabi/lib/thumb/v7e-m+fp/hard\libc_nano.a(libc_a-exit.o) (__stdio_exit_handler)
D:/app/STM32_Cube_IDE/STM32/STM32CubeIDE_1.17.0/STM32CubeIDE/plugins/com.st.stm32cube.ide.mcu.externaltools.gnu-tools-for-stm32.12.3.rel1.win32_1.1.0.202410251130/tools/bin/../lib/gcc/arm-none-eabi/12.3.1/../../../../arm-none-eabi/lib/thumb/v7e-m+fp/hard\libc_nano.a(libc_a-fwalk.o)
                              D:/app/STM32_Cube_IDE/STM32/STM32CubeIDE_1.17.0/STM32CubeIDE/plugins/com.st.stm32cube.ide.mcu.externaltools.gnu-tools-for-stm32.12.3.rel1.win32_1.1.0.202410251130/tools/bin/../lib/gcc/arm-none-eabi/12.3.1/../../../../arm-none-eabi/lib/thumb/v7e-m+fp/hard\libc_nano.a(libc_a-findfp.o) (_fwalk_sglue)
D:/app/STM32_Cube_IDE/STM32/STM32CubeIDE_1.17.0/STM32CubeIDE/plugins/com.st.stm32cube.ide.mcu.externaltools.gnu-tools-for-stm32.12.3.rel1.win32_1.1.0.202410251130/tools/bin/../lib/gcc/arm-none-eabi/12.3.1/../../../../arm-none-eabi/lib/thumb/v7e-m+fp/hard\libc_nano.a(libc_a-sprintf.o)
                              ./Core/Src/main.o (sprintf)
D:/app/STM32_Cube_IDE/STM32/STM32CubeIDE_1.17.0/STM32CubeIDE/plugins/com.st.stm32cube.ide.mcu.externaltools.gnu-tools-for-stm32.12.3.rel1.win32_1.1.0.202410251130/tools/bin/../lib/gcc/arm-none-eabi/12.3.1/../../../../arm-none-eabi/lib/thumb/v7e-m+fp/hard\libc_nano.a(libc_a-stdio.o)
                              D:/app/STM32_Cube_IDE/STM32/STM32CubeIDE_1.17.0/STM32CubeIDE/plugins/com.st.stm32cube.ide.mcu.externaltools.gnu-tools-for-stm32.12.3.rel1.win32_1.1.0.202410251130/tools/bin/../lib/gcc/arm-none-eabi/12.3.1/../../../../arm-none-eabi/lib/thumb/v7e-m+fp/hard\libc_nano.a(libc_a-findfp.o) (__sread)
D:/app/STM32_Cube_IDE/STM32/STM32CubeIDE_1.17.0/STM32CubeIDE/plugins/com.st.stm32cube.ide.mcu.externaltools.gnu-tools-for-stm32.12.3.rel1.win32_1.1.0.202410251130/tools/bin/../lib/gcc/arm-none-eabi/12.3.1/../../../../arm-none-eabi/lib/thumb/v7e-m+fp/hard\libc_nano.a(libc_a-memset.o)
                              D:/app/STM32_Cube_IDE/STM32/STM32CubeIDE_1.17.0/STM32CubeIDE/plugins/com.st.stm32cube.ide.mcu.externaltools.gnu-tools-for-stm32.12.3.rel1.win32_1.1.0.202410251130/tools/bin/../lib/gcc/arm-none-eabi/12.3.1/../../../../arm-none-eabi/lib/thumb/v7e-m+fp/hard/crt0.o (memset)
D:/app/STM32_Cube_IDE/STM32/STM32CubeIDE_1.17.0/STM32CubeIDE/plugins/com.st.stm32cube.ide.mcu.externaltools.gnu-tools-for-stm32.12.3.rel1.win32_1.1.0.202410251130/tools/bin/../lib/gcc/arm-none-eabi/12.3.1/../../../../arm-none-eabi/lib/thumb/v7e-m+fp/hard\libc_nano.a(libc_a-closer.o)
                              D:/app/STM32_Cube_IDE/STM32/STM32CubeIDE_1.17.0/STM32CubeIDE/plugins/com.st.stm32cube.ide.mcu.externaltools.gnu-tools-for-stm32.12.3.rel1.win32_1.1.0.202410251130/tools/bin/../lib/gcc/arm-none-eabi/12.3.1/../../../../arm-none-eabi/lib/thumb/v7e-m+fp/hard\libc_nano.a(libc_a-stdio.o) (_close_r)
D:/app/STM32_Cube_IDE/STM32/STM32CubeIDE_1.17.0/STM32CubeIDE/plugins/com.st.stm32cube.ide.mcu.externaltools.gnu-tools-for-stm32.12.3.rel1.win32_1.1.0.202410251130/tools/bin/../lib/gcc/arm-none-eabi/12.3.1/../../../../arm-none-eabi/lib/thumb/v7e-m+fp/hard\libc_nano.a(libc_a-reent.o)
                              D:/app/STM32_Cube_IDE/STM32/STM32CubeIDE_1.17.0/STM32CubeIDE/plugins/com.st.stm32cube.ide.mcu.externaltools.gnu-tools-for-stm32.12.3.rel1.win32_1.1.0.202410251130/tools/bin/../lib/gcc/arm-none-eabi/12.3.1/../../../../arm-none-eabi/lib/thumb/v7e-m+fp/hard\libc_nano.a(libc_a-closer.o) (errno)
D:/app/STM32_Cube_IDE/STM32/STM32CubeIDE_1.17.0/STM32CubeIDE/plugins/com.st.stm32cube.ide.mcu.externaltools.gnu-tools-for-stm32.12.3.rel1.win32_1.1.0.202410251130/tools/bin/../lib/gcc/arm-none-eabi/12.3.1/../../../../arm-none-eabi/lib/thumb/v7e-m+fp/hard\libc_nano.a(libc_a-impure.o)
[...]
Memory Configuration

Name             Origin             Length             Attributes
RAM              0x20000000         0x00018000         xrw
FLASH            0x08000000         0x00080000         xr
*default*        0x00000000         0xffffffff

Linker script and memory map

LOAD D:/app/STM32_Cube_IDE/STM32/STM32CubeIDE_1.17.0/STM32CubeIDE/plugins/com.st.stm32cube.ide.mcu.externaltools.gnu-tools-for-stm32.12.3.rel1.win32_1.1.0.202410251130/tools/bin/../lib/gcc/arm-none-eabi/12.3.1/thumb/v7e-m+fp/hard/crti.o
LOAD D:/app/STM32_Cube_IDE/STM32/STM32CubeIDE_1.17.0/STM32CubeIDE/plugins/com.st.stm32cube.ide.mcu.externaltools.gnu-tools-for-stm32.12.3.rel1.win32_1.1.0.202410251130/tools/bin/../lib/gcc/arm-none-eabi/12.3.1/thumb/v7e-m+fp/hard/crtbegin.o
LOAD D:/app/STM32_Cube_IDE/STM32/STM32CubeIDE_1.17.0/STM32CubeIDE/plugins/com.st.stm32cube.ide.mcu.externaltools.gnu-tools-for-stm32.12.3.rel1.win32_1.1.0.202410251130/tools/bin/../lib/gcc/arm-none-eabi/12.3.1/../../../../arm-none-eabi/lib/thumb/v7e-m+fp/hard/crt0.o
LOAD ./Core/Src/adc.o
LOAD ./Core/Src/exti.o
LOAD ./Core/Src/i2c.o
LOAD ./Core/Src/led.o
LOAD ./Core/Src/main.o
LOAD ./Core/Src/oled.o
LOAD ./Core/Src/pwm.o
LOAD ./Core/Src/stm32f4xx_hal_msp.o
LOAD ./Core/Src/stm32f4xx_it.o
LOAD ./Core/Src/syscalls.o
LOAD ./Core/Src/system.o
LOAD ./Core/Src/system_stm32f4xx.o
LOAD ./Core/Startup/startup_stm32f401retx.o
LOAD ./Drivers/STM32F4xx_HAL_Driver/Src/stm32f4xx_hal.o
LOAD ./Drivers/STM32F4xx_HAL_Driver/Src/stm32f4xx_hal_cortex.o
LOAD ./Drivers/STM32F4xx_HAL_Driver/Src/stm32f4xx_hal_dma.o
LOAD ./Drivers/STM32F4xx_HAL_Driver/Src/stm32f4xx_hal_dma_ex.o
LOAD ./Drivers/STM32F4xx_HAL_Driver/Src/stm32f4xx_hal_exti.o
LOAD ./Drivers/STM32F4xx_HAL_Driver/Src/stm32f4xx_hal_flash.o
LOAD ./Drivers/STM32F4xx_HAL_Driver/Src/stm32f4xx_hal_flash_ex.o
LOAD ./Drivers/STM32F4xx_HAL_Driver/Src/stm32f4xx_hal_flash_ramfunc.o
LOAD ./Drivers/STM32F4xx_HAL_Driver/Src/stm32f4xx_hal_gpio.o
LOAD ./Drivers/STM32F4xx_HAL_Driver/Src/stm32f4xx_hal_pwr.o
LOAD ./Drivers/STM32F4xx_HAL_Driver/Src/stm32f4xx_hal_pwr_ex.o
LOAD ./Drivers/STM32F4xx_HAL_Driver/Src/stm32f4xx_hal_rcc.o
LOAD ./Drivers/STM32F4xx_HAL_Driver/Src/stm32f4xx_hal_rcc_ex.o
LOAD ./Drivers/STM32F4xx_HAL_Driver/Src/stm32f4xx_hal_uart.o
START GROUP
LOAD D:/app/STM32_Cube_IDE/STM32/STM32CubeIDE_1.17.0/STM32CubeIDE/plugins/com.st.stm32cube.ide.mcu.externaltools.gnu-tools-for-stm32.12.3.rel1.win32_1.1.0.202410251130/tools/bin/../lib/gcc/arm-none-eabi/12.3.1/../../../../arm-none-eabi/lib/thumb/v7e-m+fp/hard\libc_nano.a
LOAD D:/app/STM32_Cube_IDE/STM32/STM32CubeIDE_1.17.0/STM32CubeIDE/plugins/com.st.stm32cube.ide.mcu.externaltools.gnu-tools-for-stm32.12.3.rel1.win32_1.1.0.202410251130/tools/bin/../lib/gcc/arm-none-eabi/12.3.1/../../../../arm-none-eabi/lib/thumb/v7e-m+fp/hard\libm.a
END GROUP
START GROUP
LOAD D:/app/STM32_Cube_IDE/STM32/STM32CubeIDE_1.17.0/STM32CubeIDE/plugins/com.st.stm32cube.ide.mcu.externaltools.gnu-tools-for-stm32.12.3.rel1.win32_1.1.0.202410251130/tools/bin/../lib/gcc/arm-none-eabi/12.3.1/thumb/v7e-m+fp/hard\libgcc.a
LOAD D:/app/STM32_Cube_IDE/STM32/STM32CubeIDE_1.17.0/STM32CubeIDE/plugins/com.st.stm32cube.ide.mcu.externaltools.gnu-tools-for-stm32.12.3.rel1.win32_1.1.0.202410251130/tools/bin/../lib/gcc/arm-none-eabi/12.3.1/../../../../arm-none-eabi/lib/thumb/v7e-m+fp/hard\libc_nano.a
END GROUP
START GROUP
LOAD D:/app/STM32_Cube_IDE/STM32/STM32CubeIDE_1.17.0/STM32CubeIDE/plugins/com.st.stm32cube.ide.mcu.externaltools.gnu-tools-for-stm32.12.3.rel1.win32_1.1.0.202410251130/tools/bin/../lib/gcc/arm-none-eabi/12.3.1/thumb/v7e-m+fp/hard\libgcc.a
LOAD D:/app/STM32_Cube_IDE/STM32/STM32CubeIDE_1.17.0/STM32CubeIDE/plugins/com.st.stm32cube.ide.mcu.externaltools.gnu-tools-for-stm32.12.3.rel1.win32_1.1.0.202410251130/tools/bin/../lib/gcc/arm-none-eabi/12.3.1/../../../../arm-none-eabi/lib/thumb/v7e-m+fp/hard\libc_nano.a
LOAD D:/app/STM32_Cube_IDE/STM32/STM32CubeIDE_1.17.0/STM32CubeIDE/plugins/com.st.stm32cube.ide.mcu.externaltools.gnu-tools-for-stm32.12.3.rel1.win32_1.1.0.202410251130/tools/bin/../lib/gcc/arm-none-eabi/12.3.1/../../../../arm-none-eabi/lib/thumb/v7e-m+fp/hard\libnosys.a
END GROUP
START GROUP
LOAD D:/app/STM32_Cube_IDE/STM32/STM32CubeIDE_1.17.0/STM32CubeIDE/plugins/com.st.stm32cube.ide.mcu.externaltools.gnu-tools-for-stm32.12.3.rel1.win32_1.1.0.202410251130/tools/bin/../lib/gcc/arm-none-eabi/12.3.1/thumb/v7e-m+fp/hard\libgcc.a
LOAD D:/app/STM32_Cube_IDE/STM32/STM32CubeIDE_1.17.0/STM32CubeIDE/plugins/com.st.stm32cube.ide.mcu.externaltools.gnu-tools-for-stm32.12.3.rel1.win32_1.1.0.202410251130/tools/bin/../lib/gcc/arm-none-eabi/12.3.1/../../../../arm-none-eabi/lib/thumb/v7e-m+fp/hard\libc_nano.a
LOAD D:/app/STM32_Cube_IDE/STM32/STM32CubeIDE_1.17.0/STM32CubeIDE/plugins/com.st.stm32cube.ide.mcu.externaltools.gnu-tools-for-stm32.12.3.rel1.win32_1.1.0.202410251130/tools/bin/../lib/gcc/arm-none-eabi/12.3.1/../../../../arm-none-eabi/lib/thumb/v7e-m+fp/hard\libnosys.a
END GROUP
LOAD D:/app/STM32_Cube_IDE/STM32/STM32CubeIDE_1.17.0/STM32CubeIDE/plugins/com.st.stm32cube.ide.mcu.externaltools.gnu-tools-for-stm32.12.3.rel1.win32_1.1.0.202410251130/tools/bin/../lib/gcc/arm-none-eabi/12.3.1/thumb/v7e-m+fp/hard/crtend.o
LOAD D:/app/STM32_Cube_IDE/STM32/STM32CubeIDE_1.17.0/STM32CubeIDE/plugins/com.st.stm32cube.ide.mcu.externaltools.gnu-tools-for-stm32.12.3.rel1.win32_1.1.0.202410251130/tools/bin/../lib/gcc/arm-none-eabi/12.3.1/thumb/v7e-m+fp/hard/crtn.o
                0x20018000                        _estack = (ORIGIN (RAM) + LENGTH (RAM))
                0x00000200                        _Min_Heap_Size = 0x200
                0x00000400                        _Min_Stack_Size = 0x400

.isr_vector     0x08000000      0x194
                0x08000000                        . = ALIGN (0x4)
 *(.isr_vector)
 .isr_vector    0x08000000      0x194 ./Core/Startup/startup_stm32f401retx.o
                0x08000000                g_pfnVectors
                0x08000194                        . = ALIGN (0x4)

.text           0x080001a0     0x1790
                0x080001a0                        . = ALIGN (0x4)
 *(.text)
 .text          0x080001a0       0x40 D:/app/STM32_Cube_IDE/STM32/STM32CubeIDE_1.17.0/STM32CubeIDE/plugins/com.st.stm32cube.ide.mcu.externaltools.gnu-tools-for-stm32.12.3.rel1.win32_1.1.0.202410251130/tools/bin/../lib/gcc/arm-none-eabi/12.3.1/thumb/v7e-m+fp/hard/crtbegin.o
 .text          0x080001e0       0x10 D:/app/STM32_Cube_IDE/STM32/STM32CubeIDE_1.17.0/STM32CubeIDE/plugins/com.st.stm32cube.ide.mcu.externaltools.gnu-tools-for-stm32.12.3.rel1.win32_1.1.0.202410251130/tools/bin/../lib/gcc/arm-none-eabi/12.3.1/../../../../arm-none-eabi/lib/thumb/v7e-m+fp/hard\libc_nano.a(libc_a-strlen.o)
                0x080001e0                strlen
 .text          0x080001f0       0xa0 D:/app/STM32_Cube_IDE/STM32/STM32CubeIDE_1.17.0/STM32CubeIDE/plugins/com.st.stm32cube.ide.mcu.externaltools.gnu-tools-for-stm32.12.3.rel1.win32_1.1.0.202410251130/tools/bin/../lib/gcc/arm-none-eabi/12.3.1/../../../../arm-none-eabi/lib/thumb/v7e-m+fp/hard\libc_nano.a(libc_a-memchr.o)
                0x080001f0                memchr
 *(.text*)
 .text.ADC_Init
                0x08000290       0x5c ./Core/Src/adc.o
                0x08000290                ADC_Init
 .text.ADC_Read
                0x080002ec       0x34 ./Core/Src/adc.o
                0x080002ec                ADC_Read
 .text.Mode_Update_From_ADC
                0x08000320       0x3e ./Core/Src/adc.o
                0x08000320                Mode_Update_From_ADC
 *fill*         0x0800035e        0x2 
 .text.__NVIC_EnableIRQ
                0x08000360       0x3c ./Core/Src/exti.o
 .text.__NVIC_SetPriority
                0x0800039c       0x54 ./Core/Src/exti.o
 .text.GPIO_EXTI_Init
                0x080003f0       0xbc ./Core/Src/exti.o
                0x080003f0                GPIO_EXTI_Init
 .text.EXTI9_5_IRQHandler
                0x080004ac      0x114 ./Core/Src/exti.o
                0x080004ac                EXTI9_5_IRQHandler
 .text.EXTI0_IRQHandler
                0x080005c0       0x58 ./Core/Src/exti.o
                0x080005c0                EXTI0_IRQHandler
 .text.EXTI1_IRQHandler
                0x08000618       0x58 ./Core/Src/exti.o
                0x08000618                EXTI1_IRQHandler
 .text.I2C1_Init
                0x08000670       0xa4 ./Core/Src/i2c.o
                0x08000670                I2C1_Init
 .text.I2C_WriteByte
                0x08000714      0x120 ./Core/Src/i2c.o
                0x08000714                I2C_WriteByte
 .text.LED_Init
                0x08000834       0x54 ./Core/Src/led.o
                0x08000834                LED_Init
 .text.LED_Update
                0x08000888       0x68 ./Core/Src/led.o
                0x08000888                LED_Update
 .text.main     0x080008f0      0x1f0 ./Core/Src/main.o
                0x080008f0                main
 .text.SSD1306_Command
                0x08000ae0       0x20 ./Core/Src/oled.o
                0x08000ae0                SSD1306_Command
 .text.SSD1306_Data
                0x08000b00       0x20 ./Core/Src/oled.o
                0x08000b00                SSD1306_Data
 .text.SSD1306_Init
                0x08000b20       0x58 ./Core/Src/oled.o
                0x08000b20                SSD1306_Init
 .text.SSD1306_SetCursor
                0x08000b78       0x42 ./Core/Src/oled.o
                0x08000b78                SSD1306_SetCursor
 .text.SSD1306_Clear
                0x08000bba       0x46 ./Core/Src/oled.o
                0x08000bba                SSD1306_Clear
 .text.SSD1306_PrintChar
                0x08000c00       0xa4 ./Core/Src/oled.o
                0x08000c00                SSD1306_PrintChar
 .text.SSD1306_PrintTextCentered
                0x08000ca4       0x58 ./Core/Src/oled.o
                0x08000ca4                SSD1306_PrintTextCentered
 .text.SSD1306_DisplayStatus
                0x08000cfc       0x7c ./Core/Src/oled.o
                0x08000cfc                SSD1306_DisplayStatus
 .text.PWM_Init
                0x08000d78       0xa8 ./Core/Src/pwm.o
                0x08000d78                PWM_Init
 .text.Update_PWM_From_Mode
                0x08000e20       0x60 ./Core/Src/pwm.o
                0x08000e20                Update_PWM_From_Mode
 .text.NMI_Handler
                0x08000e80        0x8 ./Core/Src/stm32f4xx_it.o
                0x08000e80                NMI_Handler
 .text.HardFault_Handler
                0x08000e88        0x8 ./Core/Src/stm32f4xx_it.o
                0x08000e88                HardFault_Handler
 .text.MemManage_Handler
                0x08000e90        0x8 ./Core/Src/stm32f4xx_it.o
                0x08000e90                MemManage_Handler
 .text.BusFault_Handler
                0x08000e98        0x8 ./Core/Src/stm32f4xx_it.o
                0x08000e98                BusFault_Handler
 .text.UsageFault_Handler
                0x08000ea0        0x8 ./Core/Src/stm32f4xx_it.o
                0x08000ea0                UsageFault_Handler
 .text.SVC_Handler
                0x08000ea8        0xe ./Core/Src/stm32f4xx_it.o
                0x08000ea8                SVC_Handler
 .text.DebugMon_Handler
                0x08000eb6        0xe ./Core/Src/stm32f4xx_it.o
                0x08000eb6                DebugMon_Handler
 .text.PendSV_Handler
                0x08000ec4        0xe ./Core/Src/stm32f4xx_it.o
                0x08000ec4                PendSV_Handler
 *fill*         0x08000ed2        0x2 
 .text.SysTick_Init
                0x08000ed4       0x28 ./Core/Src/system.o
                0x08000ed4                SysTick_Init
 .text.SysTick_Handler
                0x08000efc       0x1c ./Core/Src/system.o
                0x08000efc                SysTick_Handler
 .text.Delay_ms
                0x08000f18       0x30 ./Core/Src/system.o
                0x08000f18                Delay_ms
 .text.GetTick  0x08000f48       0x18 ./Core/Src/system.o
                0x08000f48                GetTick
 .text.SystemInit
                0x08000f60       0x24 ./Core/Src/system_stm32f4xx.o
                0x08000f60                SystemInit
 .text.Reset_Handler
                0x08000f84       0x50 ./Core/Startup/startup_stm32f401retx.o
                0x08000f84                Reset_Handler
 .text.Default_Handler
                0x08000fd4        0x2 ./Core/Startup/startup_stm32f401retx.o
                0x08000fd4                RTC_Alarm_IRQHandler
                0x08000fd4                EXTI2_IRQHandler
                0x08000fd4                SPI4_IRQHandler
                0x08000fd4                TIM1_CC_IRQHandler
                0x08000fd4                DMA2_Stream5_IRQHandler
                0x08000fd4                DMA1_Stream5_IRQHandler
                0x08000fd4                PVD_IRQHandler
                0x08000fd4                SDIO_IRQHandler
                0x08000fd4                TAMP_STAMP_IRQHandler
                0x08000fd4                EXTI3_IRQHandler
                0x08000fd4                TIM1_UP_TIM10_IRQHandler
                0x08000fd4                I2C3_ER_IRQHandler
                0x08000fd4                I2C2_EV_IRQHandler
                0x08000fd4                DMA1_Stream2_IRQHandler
                0x08000fd4                FPU_IRQHandler
                0x08000fd4                DMA2_Stream2_IRQHandler
                0x08000fd4                SPI1_IRQHandler
                0x08000fd4                TIM1_BRK_TIM9_IRQHandler
                0x08000fd4                DMA2_Stream3_IRQHandler
                0x08000fd4                USART6_IRQHandler
                0x08000fd4                DMA2_Stream0_IRQHandler
                0x08000fd4                TIM4_IRQHandler
                0x08000fd4                I2C1_EV_IRQHandler
                0x08000fd4                DMA1_Stream6_IRQHandler
                0x08000fd4                DMA1_Stream1_IRQHandler
                0x08000fd4                TIM3_IRQHandler
                0x08000fd4                RCC_IRQHandler
                0x08000fd4                Default_Handler
                0x08000fd4                EXTI15_10_IRQHandler
                0x08000fd4                ADC_IRQHandler
                0x08000fd4                DMA1_Stream7_IRQHandler
                0x08000fd4                TIM5_IRQHandler
                0x08000fd4                DMA2_Stream7_IRQHandler
                0x08000fd4                I2C3_EV_IRQHandler
                0x08000fd4                RTC_WKUP_IRQHandler
                0x08000fd4                SPI2_IRQHandler
                0x08000fd4                DMA1_Stream0_IRQHandler
                0x08000fd4                EXTI4_IRQHandler
                0x08000fd4                WWDG_IRQHandler
                0x08000fd4                TIM2_IRQHandler
                0x08000fd4                OTG_FS_WKUP_IRQHandler
                0x08000fd4                TIM1_TRG_COM_TIM11_IRQHandler
                0x08000fd4                USART2_IRQHandler
                0x08000fd4                I2C2_ER_IRQHandler
                0x08000fd4                DMA2_Stream1_IRQHandler
                0x08000fd4                FLASH_IRQHandler
                0x08000fd4                DMA2_Stream4_IRQHandler
                0x08000fd4                USART1_IRQHandler
                0x08000fd4                OTG_FS_IRQHandler
                0x08000fd4                SPI3_IRQHandler
                0x08000fd4                DMA1_Stream4_IRQHandler
                0x08000fd4                I2C1_ER_IRQHandler
                0x08000fd4                DMA2_Stream6_IRQHandler
                0x08000fd4                DMA1_Stream3_IRQHandler
 *fill*         0x08000fd6        0x2 
 .text.sprintf  0x08000fd8       0x40 D:/app/STM32_Cube_IDE/STM32/STM32CubeIDE_1.17.0/STM32CubeIDE/plugins/com.st.stm32cube.ide.mcu.externaltools.gnu-tools-for-stm32.12.3.rel1.win32_1.1.0.202410251130/tools/bin/../lib/gcc/arm-none-eabi/12.3.1/../../../../arm-none-eabi/lib/thumb/v7e-m+fp/hard\libc_nano.a(libc_a-sprintf.o)
                0x08000fd8                siprintf
                0x08000fd8                sprintf
 .text.__libc_init_array
                0x08001018       0x48 D:/app/STM32_Cube_IDE/STM32/STM32CubeIDE_1.17.0/STM32CubeIDE/plugins/com.st.stm32cube.ide.mcu.externaltools.gnu-tools-for-stm32.12.3.rel1.win32_1.1.0.202410251130/tools/bin/../lib/gcc/arm-none-eabi/12.3.1/../../../../arm-none-eabi/lib/thumb/v7e-m+fp/hard\libc_nano.a(libc_a-init.o)
                0x08001018                __libc_init_array
 .text.__retarget_lock_acquire_recursive
                0x08001060        0x2 D:/app/STM32_Cube_IDE/STM32/STM32CubeIDE_1.17.0/STM32CubeIDE/plugins/com.st.stm32cube.ide.mcu.externaltools.gnu-tools-for-stm32.12.3.rel1.win32_1.1.0.202410251130/tools/bin/../lib/gcc/arm-none-eabi/12.3.1/../../../../arm-none-eabi/lib/thumb/v7e-m+fp/hard\libc_nano.a(libc_a-lock.o)
                0x08001060                __retarget_lock_acquire_recursive
 .text.__retarget_lock_release_recursive
                0x08001062        0x2 D:/app/STM32_Cube_IDE/STM32/STM32CubeIDE_1.17.0/STM32CubeIDE/plugins/com.st.stm32cube.ide.mcu.externaltools.gnu-tools-for-stm32.12.3.rel1.win32_1.1.0.202410251130/tools/bin/../lib/gcc/arm-none-eabi/12.3.1/../../../../arm-none-eabi/lib/thumb/v7e-m+fp/hard\libc_nano.a(libc_a-lock.o)
                0x08001062                __retarget_lock_release_recursive
 .text._free_r  0x08001064       0x94 D:/app/STM32_Cube_IDE/STM32/STM32CubeIDE_1.17.0/STM32CubeIDE/plugins/com.st.stm32cube.ide.mcu.externaltools.gnu-tools-for-stm32.12.3.rel1.win32_1.1.0.202410251130/tools/bin/../lib/gcc/arm-none-eabi/12.3.1/../../../../arm-none-eabi/lib/thumb/v7e-m+fp/hard\libc_nano.a(libc_a-freer.o)
                0x08001064                _free_r
 .text.sbrk_aligned
                0x080010f8       0x44 D:/app/STM32_Cube_IDE/STM32/STM32CubeIDE_1.17.0/STM32CubeIDE/plugins/com.st.stm32cube.ide.mcu.externaltools.gnu-tools-for-stm32.12.3.rel1.win32_1.1.0.202410251130/tools/bin/../lib/gcc/arm-none-eabi/12.3.1/../../../../arm-none-eabi/lib/thumb/v7e-m+fp/hard\libc_nano.a(libc_a-mallocr.o)
 .text._malloc_r
                0x0800113c      0x100 D:/app/STM32_Cube_IDE/STM32/STM32CubeIDE_1.17.0/STM32CubeIDE/plugins/com.st.stm32cube.ide.mcu.externaltools.gnu-tools-for-stm32.12.3.rel1.win32_1.1.0.202410251130/tools/bin/../lib/gcc/arm-none-eabi/12.3.1/../../../../arm-none-eabi/lib/thumb/v7e-m+fp/hard\libc_nano.a(libc_a-mallocr.o)
                0x0800113c                _malloc_r
 .text.__malloc_lock
                0x0800123c        0xc D:/app/STM32_Cube_IDE/STM32/STM32CubeIDE_1.17.0/STM32CubeIDE/plugins/com.st.stm32cube.ide.mcu.externaltools.gnu-tools-for-stm32.12.3.rel1.win32_1.1.0.202410251130/tools/bin/../lib/gcc/arm-none-eabi/12.3.1/../../../../arm-none-eabi/lib/thumb/v7e-m+fp/hard\libc_nano.a(libc_a-mlock.o)
                0x0800123c                __malloc_lock
 .text.__malloc_unlock
                0x08001248        0xc D:/app/STM32_Cube_IDE/STM32/STM32CubeIDE_1.17.0/STM32CubeIDE/plugins/com.st.stm32cube.ide.mcu.externaltools.gnu-tools-for-stm32.12.3.rel1.win32_1.1.0.202410251130/tools/bin/../lib/gcc/arm-none-eabi/12.3.1/../../../../arm-none-eabi/lib/thumb/v7e-m+fp/hard\libc_nano.a(libc_a-mlock.o)
                0x08001248                __malloc_unlock
 .text.__ssputs_r
                0x08001254       0xb6 D:/app/STM32_Cube_IDE/STM32/STM32CubeIDE_1.17.0/STM32CubeIDE/plugins/com.st.stm32cube.ide.mcu.externaltools.gnu-tools-for-stm32.12.3.rel1.win32_1.1.0.202410251130/tools/bin/../lib/gcc/arm-none-eabi/12.3.1/../../../../arm-none-eabi/lib/thumb/v7e-m+fp/hard\libc_nano.a(libc_a-nano-svfprintf.o)
                0x08001254                __ssputs_r
 *fill*         0x0800130a        0x2 
 .text._svfprintf_r
                0x0800130c      0x1f8 D:/app/STM32_Cube_IDE/STM32/STM32CubeIDE_1.17.0/STM32CubeIDE/plugins/com.st.stm32cube.ide.mcu.externaltools.gnu-tools-for-stm32.12.3.rel1.win32_1.1.0.202410251130/tools/bin/../lib/gcc/arm-none-eabi/12.3.1/../../../../arm-none-eabi/lib/thumb/v7e-m+fp/hard\libc_nano.a(libc_a-nano-svfprintf.o)
                0x0800130c                _svfiprintf_r
                0x0800130c                _svfprintf_r
 .text._printf_common
                0x08001504       0xda D:/app/STM32_Cube_IDE/STM32/STM32CubeIDE_1.17.0/STM32CubeIDE/plugins/com.st.stm32cube.ide.mcu.externaltools.gnu-tools-for-stm32.12.3.rel1.win32_1.1.0.202410251130/tools/bin/../lib/gcc/arm-none-eabi/12.3.1/../../../../arm-none-eabi/lib/thumb/v7e-m+fp/hard\libc_nano.a(libc_a-nano-vfprintf_i.o)
                0x08001504                _printf_common
 *fill*         0x080015de        0x2 
 .text._printf_i
                0x080015e0      0x240 D:/app/STM32_Cube_IDE/STM32/STM32CubeIDE_1.17.0/STM32CubeIDE/plugins/com.st.stm32cube.ide.mcu.externaltools.gnu-tools-for-stm32.12.3.rel1.win32_1.1.0.202410251130/tools/bin/../lib/gcc/arm-none-eabi/12.3.1/../../../../arm-none-eabi/lib/thumb/v7e-m+fp/hard\libc_nano.a(libc_a-nano-vfprintf_i.o)
                0x080015e0                _printf_i
 .text.memmove  0x08001820       0x34 D:/app/STM32_Cube_IDE/STM32/STM32CubeIDE_1.17.0/STM32CubeIDE/plugins/com.st.stm32cube.ide.mcu.externaltools.gnu-tools-for-stm32.12.3.rel1.win32_1.1.0.202410251130/tools/bin/../lib/gcc/arm-none-eabi/12.3.1/../../../../arm-none-eabi/lib/thumb/v7e-m+fp/hard\libc_nano.a(libc_a-memmove.o)
                0x08001820                memmove
 .text._sbrk_r  0x08001854       0x20 D:/app/STM32_Cube_IDE/STM32/STM32CubeIDE_1.17.0/STM32CubeIDE/plugins/com.st.stm32cube.ide.mcu.externaltools.gnu-tools-for-stm32.12.3.rel1.win32_1.1.0.202410251130/tools/bin/../lib/gcc/arm-none-eabi/12.3.1/../../../../arm-none-eabi/lib/thumb/v7e-m+fp/hard\libc_nano.a(libc_a-sbrkr.o)
                0x08001854                _sbrk_r
 .text.memcpy   0x08001874       0x1c D:/app/STM32_Cube_IDE/STM32/STM32CubeIDE_1.17.0/STM32CubeIDE/plugins/com.st.stm32cube.ide.mcu.externaltools.gnu-tools-for-stm32.12.3.rel1.win32_1.1.0.202410251130/tools/bin/../lib/gcc/arm-none-eabi/12.3.1/../../../../arm-none-eabi/lib/thumb/v7e-m+fp/hard\libc_nano.a(libc_a-memcpy-stub.o)
                0x08001874                memcpy
 .text._realloc_r
                0x08001890       0x5c D:/app/STM32_Cube_IDE/STM32/STM32CubeIDE_1.17.0/STM32CubeIDE/plugins/com.st.stm32cube.ide.mcu.externaltools.gnu-tools-for-stm32.12.3.rel1.win32_1.1.0.202410251130/tools/bin/../lib/gcc/arm-none-eabi/12.3.1/../../../../arm-none-eabi/lib/thumb/v7e-m+fp/hard\libc_nano.a(libc_a-reallocr.o)
                0x08001890                _realloc_r
 .text._malloc_usable_size_r
                0x080018ec       0x10 D:/app/STM32_Cube_IDE/STM32/STM32CubeIDE_1.17.0/STM32CubeIDE/plugins/com.st.stm32cube.ide.mcu.externaltools.gnu-tools-for-stm32.12.3.rel1.win32_1.1.0.202410251130/tools/bin/../lib/gcc/arm-none-eabi/12.3.1/../../../../arm-none-eabi/lib/thumb/v7e-m+fp/hard\libc_nano.a(libc_a-msizer.o)
                0x080018ec                _malloc_usable_size_r
 .text._sbrk    0x080018fc       0x1c D:/app/STM32_Cube_IDE/STM32/STM32CubeIDE_1.17.0/STM32CubeIDE/plugins/com.st.stm32cube.ide.mcu.externaltools.gnu-tools-for-stm32.12.3.rel1.win32_1.1.0.202410251130/tools/bin/../lib/gcc/arm-none-eabi/12.3.1/../../../../arm-none-eabi/lib/thumb/v7e-m+fp/hard\libnosys.a(sbrk.o)
                0x080018fc                _sbrk
 *(.glue_7)
 .glue_7        0x08001918        0x0 linker stubs
 *(.glue_7t)
 .glue_7t       0x08001918        0x0 linker stubs
 *(.eh_frame)
 .eh_frame      0x08001918        0x0 D:/app/STM32_Cube_IDE/STM32/STM32CubeIDE_1.17.0/STM32CubeIDE/plugins/com.st.stm32cube.ide.mcu.externaltools.gnu-tools-for-stm32.12.3.rel1.win32_1.1.0.202410251130/tools/bin/../lib/gcc/arm-none-eabi/12.3.1/thumb/v7e-m+fp/hard/crtbegin.o
 *(.init)
 .init          0x08001918        0x4 D:/app/STM32_Cube_IDE/STM32/STM32CubeIDE_1.17.0/STM32CubeIDE/plugins/com.st.stm32cube.ide.mcu.externaltools.gnu-tools-for-stm32.12.3.rel1.win32_1.1.0.202410251130/tools/bin/../lib/gcc/arm-none-eabi/12.3.1/thumb/v7e-m+fp/hard/crti.o
                0x08001918                _init
 .init          0x0800191c        0x8 D:/app/STM32_Cube_IDE/STM32/STM32CubeIDE_1.17.0/STM32CubeIDE/plugins/com.st.stm32cube.ide.mcu.externaltools.gnu-tools-for-stm32.12.3.rel1.win32_1.1.0.202410251130/tools/bin/../lib/gcc/arm-none-eabi/12.3.1/thumb/v7e-m+fp/hard/crtn.o
 *(.fini)
 .fini          0x08001924        0x4 D:/app/STM32_Cube_IDE/STM32/STM32CubeIDE_1.17.0/STM32CubeIDE/plugins/com.st.stm32cube.ide.mcu.externaltools.gnu-tools-for-stm32.12.3.rel1.win32_1.1.0.202410251130/tools/bin/../lib/gcc/arm-none-eabi/12.3.1/thumb/v7e-m+fp/hard/crti.o
                0x08001924                _fini
 .fini          0x08001928        0x8 D:/app/STM32_Cube_IDE/STM32/STM32CubeIDE_1.17.0/STM32CubeIDE/plugins/com.st.stm32cube.ide.mcu.externaltools.gnu-tools-for-stm32.12.3.rel1.win32_1.1.0.202410251130/tools/bin/../lib/gcc/arm-none-eabi/12.3.1/thumb/v7e-m+fp/hard/crtn.o
                0x08001930                        . = ALIGN (0x4)
                0x08001930                        _etext = .

.vfp11_veneer   0x08001930        0x0
 .vfp11_veneer  0x08001930        0x0 linker stubs

.v4_bx          0x08001930        0x0
 .v4_bx         0x08001930        0x0 linker stubs

.iplt           0x08001930        0x0
 .iplt          0x08001930        0x0 D:/app/STM32_Cube_IDE/STM32/STM32CubeIDE_1.17.0/STM32CubeIDE/plugins/com.st.stm32cube.ide.mcu.externaltools.gnu-tools-for-stm32.12.3.rel1.win32_1.1.0.202410251130/tools/bin/../lib/gcc/arm-none-eabi/12.3.1/thumb/v7e-m+fp/hard/crtbegin.o

.rodata         0x08001930      0x1f0
                0x08001930                        . = ALIGN (0x4)
 *(.rodata)
 .rodata        0x08001930       0x35 ./Core/Src/main.o
 *fill*         0x08001965        0x3 
 .rodata        0x08001968       0x46 ./Core/Src/oled.o
 *(.rodata*)
 *fill*         0x080019ae        0x2 
 .rodata.font5x8
                0x080019b0      0x13b ./Core/Src/oled.o
                0x080019b0                font5x8
 .rodata._svfprintf_r.str1.1
                0x08001aeb       0x11 D:/app/STM32_Cube_IDE/STM32/STM32CubeIDE_1.17.0/STM32CubeIDE/plugins/com.st.stm32cube.ide.mcu.externaltools.gnu-tools-for-stm32.12.3.rel1.win32_1.1.0.202410251130/tools/bin/../lib/gcc/arm-none-eabi/12.3.1/../../../../arm-none-eabi/lib/thumb/v7e-m+fp/hard\libc_nano.a(libc_a-nano-svfprintf.o)
 .rodata._printf_i.str1.1
                0x08001afc       0x22 D:/app/STM32_Cube_IDE/STM32/STM32CubeIDE_1.17.0/STM32CubeIDE/plugins/com.st.stm32cube.ide.mcu.externaltools.gnu-tools-for-stm32.12.3.rel1.win32_1.1.0.202410251130/tools/bin/../lib/gcc/arm-none-eabi/12.3.1/../../../../arm-none-eabi/lib/thumb/v7e-m+fp/hard\libc_nano.a(libc_a-nano-vfprintf_i.o)
                0x08001b20                        . = ALIGN (0x4)
 *fill*         0x08001b1e        0x2 

.ARM.extab      0x08001b20        0x0
                0x08001b20                        . = ALIGN (0x4)
 *(.ARM.extab* .gnu.linkonce.armextab.*)
                0x08001b20                        . = ALIGN (0x4)

.ARM            0x08001b20        0x8
                0x08001b20                        . = ALIGN (0x4)
                0x08001b20                        __exidx_start = .
 *(.ARM.exidx*)
 .ARM.exidx     0x08001b20        0x8 D:/app/STM32_Cube_IDE/STM32/STM32CubeIDE_1.17.0/STM32CubeIDE/plugins/com.st.stm32cube.ide.mcu.externaltools.gnu-tools-for-stm32.12.3.rel1.win32_1.1.0.202410251130/tools/bin/../lib/gcc/arm-none-eabi/12.3.1/../../../../arm-none-eabi/lib/thumb/v7e-m+fp/hard\libc_nano.a(libc_a-strlen.o)
 .ARM.exidx     0x08001b28        0x0 D:/app/STM32_Cube_IDE/STM32/STM32CubeIDE_1.17.0/STM32CubeIDE/plugins/com.st.stm32cube.ide.mcu.externaltools.gnu-tools-for-stm32.12.3.rel1.win32_1.1.0.202410251130/tools/bin/../lib/gcc/arm-none-eabi/12.3.1/../../../../arm-none-eabi/lib/thumb/v7e-m+fp/hard\libc_nano.a(libc_a-memchr.o)
                                  0x8 (size before relaxing)
                0x08001b28                        __exidx_end = .
                0x08001b28                        . = ALIGN (0x4)

.preinit_array  0x08001b28        0x0
                0x08001b28                        . = ALIGN (0x4)
                0x08001b28                        PROVIDE (__preinit_array_start = .)
 *(.preinit_array*)
                0x08001b28                        PROVIDE (__preinit_array_end = .)
                0x08001b28                        . = ALIGN (0x4)

.init_array     0x08001b28        0x4
                0x08001b28                        . = ALIGN (0x4)
                0x08001b28                        PROVIDE (__init_array_start = .)
 *(SORT_BY_NAME(.init_array.*))
 *(.init_array*)
 .init_array    0x08001b28        0x4 D:/app/STM32_Cube_IDE/STM32/STM32CubeIDE_1.17.0/STM32CubeIDE/plugins/com.st.stm32cube.ide.mcu.externaltools.gnu-tools-for-stm32.12.3.rel1.win32_1.1.0.202410251130/tools/bin/../lib/gcc/arm-none-eabi/12.3.1/thumb/v7e-m+fp/hard/crtbegin.o
                0x08001b2c                        PROVIDE (__init_array_end = .)
                0x08001b2c                        . = ALIGN (0x4)

.fini_array     0x08001b2c        0x4
                0x08001b2c                        . = ALIGN (0x4)
                [!provide]                        PROVIDE (__fini_array_start = .)
 *(SORT_BY_NAME(.fini_array.*))
 *(.fini_array*)
 .fini_array    0x08001b2c        0x4 D:/app/STM32_Cube_IDE/STM32/STM32CubeIDE_1.17.0/STM32CubeIDE/plugins/com.st.stm32cube.ide.mcu.externaltools.gnu-tools-for-stm32.12.3.rel1.win32_1.1.0.202410251130/tools/bin/../lib/gcc/arm-none-eabi/12.3.1/thumb/v7e-m+fp/hard/crtbegin.o
                [!provide]                        PROVIDE (__fini_array_end = .)
                0x08001b30                        . = ALIGN (0x4)
                0x08001b30                        _sidata = LOADADDR (.data)

.rel.dyn        0x08001b30        0x0
 .rel.iplt      0x08001b30        0x0 D:/app/STM32_Cube_IDE/STM32/STM32CubeIDE_1.17.0/STM32CubeIDE/plugins/com.st.stm32cube.ide.mcu.externaltools.gnu-tools-for-stm32.12.3.rel1.win32_1.1.0.202410251130/tools/bin/../lib/gcc/arm-none-eabi/12.3.1/thumb/v7e-m+fp/hard/crtbegin.o

.data           0x20000000       0x54 load address 0x08001b30
                0x20000000                        . = ALIGN (0x4)
                0x20000000                        _sdata = .
 *(.data)
 *(.data*)
 .data.mode     0x20000000        0x1 ./Core/Src/exti.o
                0x20000000                mode
 .data.system_active
                0x20000001        0x1 ./Core/Src/exti.o
                0x20000001                system_active
 .data.oled_state
                0x20000002        0x1 ./Core/Src/exti.o
                0x20000002                oled_state
 *fill*         0x20000003        0x1 
 .data._impure_ptr
                0x20000004        0x4 D:/app/STM32_Cube_IDE/STM32/STM32CubeIDE_1.17.0/STM32CubeIDE/plugins/com.st.stm32cube.ide.mcu.externaltools.gnu-tools-for-stm32.12.3.rel1.win32_1.1.0.202410251130/tools/bin/../lib/gcc/arm-none-eabi/12.3.1/../../../../arm-none-eabi/lib/thumb/v7e-m+fp/hard\libc_nano.a(libc_a-impure.o)
                0x20000004                _impure_ptr
 .data._impure_data
                0x20000008       0x4c D:/app/STM32_Cube_IDE/STM32/STM32CubeIDE_1.17.0/STM32CubeIDE/plugins/com.st.stm32cube.ide.mcu.externaltools.gnu-tools-for-stm32.12.3.rel1.win32_1.1.0.202410251130/tools/bin/../lib/gcc/arm-none-eabi/12.3.1/../../../../arm-none-eabi/lib/thumb/v7e-m+fp/hard\libc_nano.a(libc_a-impure.o)
                0x20000008                _impure_data
 *(.RamFunc)
 *(.RamFunc*)
                0x20000054                        . = ALIGN (0x4)
                0x20000054                        _edata = .

.igot.plt       0x20000054        0x0 load address 0x08001b84
 .igot.plt      0x20000054        0x0 D:/app/STM32_Cube_IDE/STM32/STM32CubeIDE_1.17.0/STM32CubeIDE/plugins/com.st.stm32cube.ide.mcu.externaltools.gnu-tools-for-stm32.12.3.rel1.win32_1.1.0.202410251130/tools/bin/../lib/gcc/arm-none-eabi/12.3.1/thumb/v7e-m+fp/hard/crtbegin.o
                0x20000054                        . = ALIGN (0x4)

.bss            0x20000054      0x17c load address 0x08001b84
                0x20000054                        _sbss = .
                0x20000054                        __bss_start__ = _sbss
 *(.bss)
 .bss           0x20000054       0x1c D:/app/STM32_Cube_IDE/STM32/STM32CubeIDE_1.17.0/STM32CubeIDE/plugins/com.st.stm32cube.ide.mcu.externaltools.gnu-tools-for-stm32.12.3.rel1.win32_1.1.0.202410251130/tools/bin/../lib/gcc/arm-none-eabi/12.3.1/thumb/v7e-m+fp/hard/crtbegin.o
 *(.bss*)
 .bss.countdown
                0x20000070        0x1 ./Core/Src/exti.o
                0x20000070                countdown
 .bss.button_pressed
                0x20000071        0x1 ./Core/Src/exti.o
                0x20000071                button_pressed
 *fill*         0x20000072        0x2 
 .bss.last_press_time.2
                0x20000074        0x4 ./Core/Src/exti.o
 .bss.last_press_time.1
                0x20000078        0x4 ./Core/Src/exti.o
 .bss.last_press_time.0
                0x2000007c        0x4 ./Core/Src/exti.o
 .bss.system_tick
                0x20000080        0x4 ./Core/Src/system.o
                0x20000080                system_tick
 .bss.__sf      0x20000084      0x138 D:/app/STM32_Cube_IDE/STM32/STM32CubeIDE_1.17.0/STM32CubeIDE/plugins/com.st.stm32cube.ide.mcu.externaltools.gnu-tools-for-stm32.12.3.rel1.win32_1.1.0.202410251130/tools/bin/../lib/gcc/arm-none-eabi/12.3.1/../../../../arm-none-eabi/lib/thumb/v7e-m+fp/hard\libc_nano.a(libc_a-findfp.o)
                0x20000084                __sf
 .bss.errno     0x200001bc        0x4 D:/app/STM32_Cube_IDE/STM32/STM32CubeIDE_1.17.0/STM32CubeIDE/plugins/com.st.stm32cube.ide.mcu.externaltools.gnu-tools-for-stm32.12.3.rel1.win32_1.1.0.202410251130/tools/bin/../lib/gcc/arm-none-eabi/12.3.1/../../../../arm-none-eabi/lib/thumb/v7e-m+fp/hard\libc_nano.a(libc_a-reent.o)
                0x200001bc                errno
 .bss.__lock___malloc_recursive_mutex
                0x200001c0        0x1 D:/app/STM32_Cube_IDE/STM32/STM32CubeIDE_1.17.0/STM32CubeIDE/plugins/com.st.stm32cube.ide.mcu.externaltools.gnu-tools-for-stm32.12.3.rel1.win32_1.1.0.202410251130/tools/bin/../lib/gcc/arm-none-eabi/12.3.1/../../../../arm-none-eabi/lib/thumb/v7e-m+fp/hard\libc_nano.a(libc_a-lock.o)
                0x200001c0                __lock___malloc_recursive_mutex
 *fill*         0x200001c1        0x3 
 .bss.__malloc_sbrk_start
                0x200001c4        0x4 D:/app/STM32_Cube_IDE/STM32/STM32CubeIDE_1.17.0/STM32CubeIDE/plugins/com.st.stm32cube.ide.mcu.externaltools.gnu-tools-for-stm32.12.3.rel1.win32_1.1.0.202410251130/tools/bin/../lib/gcc/arm-none-eabi/12.3.1/../../../../arm-none-eabi/lib/thumb/v7e-m+fp/hard\libc_nano.a(libc_a-mallocr.o)
                0x200001c4                __malloc_sbrk_start
 .bss.__malloc_free_list
                0x200001c8        0x4 D:/app/STM32_Cube_IDE/STM32/STM32CubeIDE_1.17.0/STM32CubeIDE/plugins/com.st.stm32cube.ide.mcu.externaltools.gnu-tools-for-stm32.12.3.rel1.win32_1.1.0.202410251130/tools/bin/../lib/gcc/arm-none-eabi/12.3.1/../../../../arm-none-eabi/lib/thumb/v7e-m+fp/hard\libc_nano.a(libc_a-mallocr.o)
                0x200001c8                __malloc_free_list
 .bss.heap_end.0
                0x200001cc        0x4 D:/app/STM32_Cube_IDE/STM32/STM32CubeIDE_1.17.0/STM32CubeIDE/plugins/com.st.stm32cube.ide.mcu.externaltools.gnu-tools-for-stm32.12.3.rel1.win32_1.1.0.202410251130/tools/bin/../lib/gcc/arm-none-eabi/12.3.1/../../../../arm-none-eabi/lib/thumb/v7e-m+fp/hard\libnosys.a(sbrk.o)
 *(COMMON)
                0x200001d0                        . = ALIGN (0x4)
                0x200001d0                        _ebss = .
                0x200001d0                        __bss_end__ = _ebss

._user_heap_stack
                0x200001d0      0x600 load address 0x08001b84
                0x200001d0                        . = ALIGN (0x8)
                0x200001d0                        PROVIDE (end = .)
                [!provide]                        PROVIDE (_end = .)
                0x200003d0                        . = (. + _Min_Heap_Size)
 *fill*         0x200001d0      0x200 
                0x200007d0                        . = (. + _Min_Stack_Size)
 *fill*         0x200003d0      0x400 
                0x200007d0                        . = ALIGN (0x8)

/DISCARD/
 libc.a(*)
 libm.a(*)
 libgcc.a(*)

.ARM.attributes
                0x00000000       0x30
 *(.ARM.attributes)
 .ARM.attributes
                0x00000000       0x22 D:/app/STM32_Cube_IDE/STM32/STM32CubeIDE_1.17.0/STM32CubeIDE/plugins/com.st.stm32cube.ide.mcu.externaltools.gnu-tools-for-stm32.12.3.rel1.win32_1.1.0.202410251130/tools/bin/../lib/gcc/arm-none-eabi/12.3.1/thumb/v7e-m+fp/hard/crti.o
 .ARM.attributes
                0x00000022       0x34 D:/app/STM32_Cube_IDE/STM32/STM32CubeIDE_1.17.0/STM32CubeIDE/plugins/com.st.stm32cube.ide.mcu.externaltools.gnu-tools-for-stm32.12.3.rel1.win32_1.1.0.202410251130/tools/bin/../lib/gcc/arm-none-eabi/12.3.1/thumb/v7e-m+fp/hard/crtbegin.o
 .ARM.attributes
                0x00000056       0x34 ./Core/Src/adc.o
 .ARM.attributes
                0x0000008a       0x34 ./Core/Src/exti.o
 .ARM.attributes
                0x000000be       0x34 ./Core/Src/i2c.o
 .ARM.attributes
                0x000000f2       0x34 ./Core/Src/led.o
 .ARM.attributes
                0x00000126       0x34 ./Core/Src/main.o
 .ARM.attributes
                0x0000015a       0x34 ./Core/Src/oled.o
 .ARM.attributes
                0x0000018e       0x34 ./Core/Src/pwm.o
 .ARM.attributes
                0x000001c2       0x34 ./Core/Src/stm32f4xx_it.o
 .ARM.attributes
                0x000001f6       0x34 ./Core/Src/system.o
 .ARM.attributes
                0x0000022a       0x34 ./Core/Src/system_stm32f4xx.o
 .ARM.attributes
                0x0000025e       0x21 ./Core/Startup/startup_stm32f401retx.o
 .ARM.attributes
                0x0000027f       0x34 D:/app/STM32_Cube_IDE/STM32/STM32CubeIDE_1.17.0/STM32CubeIDE/plugins/com.st.stm32cube.ide.mcu.externaltools.gnu-tools-for-stm32.12.3.rel1.win32_1.1.0.202410251130/tools/bin/../lib/gcc/arm-none-eabi/12.3.1/../../../../arm-none-eabi/lib/thumb/v7e-m+fp/hard\libc_nano.a(libc_a-findfp.o)
 .ARM.attributes
                0x000002b3       0x34 D:/app/STM32_Cube_IDE/STM32/STM32CubeIDE_1.17.0/STM32CubeIDE/plugins/com.st.stm32cube.ide.mcu.externaltools.gnu-tools-for-stm32.12.3.rel1.win32_1.1.0.202410251130/tools/bin/../lib/gcc/arm-none-eabi/12.3.1/../../../../arm-none-eabi/lib/thumb/v7e-m+fp/hard\libc_nano.a(libc_a-sprintf.o)
 .ARM.attributes
                0x000002e7       0x34 D:/app/STM32_Cube_IDE/STM32/STM32CubeIDE_1.17.0/STM32CubeIDE/plugins/com.st.stm32cube.ide.mcu.externaltools.gnu-tools-for-stm32.12.3.rel1.win32_1.1.0.202410251130/tools/bin/../lib/gcc/arm-none-eabi/12.3.1/../../../../arm-none-eabi/lib/thumb/v7e-m+fp/hard\libc_nano.a(libc_a-reent.o)
 .ARM.attributes
                0x0000031b       0x34 D:/app/STM32_Cube_IDE/STM32/STM32CubeIDE_1.17.0/STM32CubeIDE/plugins/com.st.stm32cube.ide.mcu.externaltools.gnu-tools-for-stm32.12.3.rel1.win32_1.1.0.202410251130/tools/bin/../lib/gcc/arm-none-eabi/12.3.1/../../../../arm-none-eabi/lib/thumb/v7e-m+fp/hard\libc_nano.a(libc_a-impure.o)
 .ARM.attributes
                0x0000034f       0x34 D:/app/STM32_Cube_IDE/STM32/STM32CubeIDE_1.17.0/STM32CubeIDE/plugins/com.st.stm32cube.ide.mcu.externaltools.gnu-tools-for-stm32.12.3.rel1.win32_1.1.0.202410251130/tools/bin/../lib/gcc/arm-none-eabi/12.3.1/../../../../arm-none-eabi/lib/thumb/v7e-m+fp/hard\libc_nano.a(libc_a-init.o)
 .ARM.attributes
                0x00000383       0x34 D:/app/STM32_Cube_IDE/STM32/STM32CubeIDE_1.17.0/STM32CubeIDE/plugins/com.st.stm32cube.ide.mcu.externaltools.gnu-tools-for-stm32.12.3.rel1.win32_1.1.0.202410251130/tools/bin/../lib/gcc/arm-none-eabi/12.3.1/../../../../arm-none-eabi/lib/thumb/v7e-m+fp/hard\libc_nano.a(libc_a-lock.o)
 .ARM.attributes
                0x000003b7       0x17 D:/app/STM32_Cube_IDE/STM32/STM32CubeIDE_1.17.0/STM32CubeIDE/plugins/com.st.stm32cube.ide.mcu.externaltools.gnu-tools-for-stm32.12.3.rel1.win32_1.1.0.202410251130/tools/bin/../lib/gcc/arm-none-eabi/12.3.1/../../../../arm-none-eabi/lib/thumb/v7e-m+fp/hard\libc_nano.a(libc_a-strlen.o)
 .ARM.attributes
                0x000003ce       0x34 D:/app/STM32_Cube_IDE/STM32/STM32CubeIDE_1.17.0/STM32CubeIDE/plugins/com.st.stm32cube.ide.mcu.externaltools.gnu-tools-for-stm32.12.3.rel1.win32_1.1.0.202410251130/tools/bin/../lib/gcc/arm-none-eabi/12.3.1/../../../../arm-none-eabi/lib/thumb/v7e-m+fp/hard\libc_nano.a(libc_a-freer.o)
 .ARM.attributes
                0x00000402       0x34 D:/app/STM32_Cube_IDE/STM32/STM32CubeIDE_1.17.0/STM32CubeIDE/plugins/com.st.stm32cube.ide.mcu.externaltools.gnu-tools-for-stm32.12.3.rel1.win32_1.1.0.202410251130/tools/bin/../lib/gcc/arm-none-eabi/12.3.1/../../../../arm-none-eabi/lib/thumb/v7e-m+fp/hard\libc_nano.a(libc_a-mallocr.o)
 .ARM.attributes
                0x00000436       0x34 D:/app/STM32_Cube_IDE/STM32/STM32CubeIDE_1.17.0/STM32CubeIDE/plugins/com.st.stm32cube.ide.mcu.externaltools.gnu-tools-for-stm32.12.3.rel1.win32_1.1.0.202410251130/tools/bin/../lib/gcc/arm-none-eabi/12.3.1/../../../../arm-none-eabi/lib/thumb/v7e-m+fp/hard\libc_nano.a(libc_a-mlock.o)
 .ARM.attributes
                0x0000046a       0x34 D:/app/STM32_Cube_IDE/STM32/STM32CubeIDE_1.17.0/STM32CubeIDE/plugins/com.st.stm32cube.ide.mcu.externaltools.gnu-tools-for-stm32.12.3.rel1.win32_1.1.0.202410251130/tools/bin/../lib/gcc/arm-none-eabi/12.3.1/../../../../arm-none-eabi/lib/thumb/v7e-m+fp/hard\libc_nano.a(libc_a-nano-svfprintf.o)
 .ARM.attributes
                0x0000049e       0x34 D:/app/STM32_Cube_IDE/STM32/STM32CubeIDE_1.17.0/STM32CubeIDE/plugins/com.st.stm32cube.ide.mcu.externaltools.gnu-tools-for-stm32.12.3.rel1.win32_1.1.0.202410251130/tools/bin/../lib/gcc/arm-none-eabi/12.3.1/../../../../arm-none-eabi/lib/thumb/v7e-m+fp/hard\libc_nano.a(libc_a-nano-vfprintf_i.o)
 .ARM.attributes
                0x000004d2       0x34 D:/app/STM32_Cube_IDE/STM32/STM32CubeIDE_1.17.0/STM32CubeIDE/plugins/com.st.stm32cube.ide.mcu.externaltools.gnu-tools-for-stm32.12.3.rel1.win32_1.1.0.202410251130/tools/bin/../lib/gcc/arm-none-eabi/12.3.1/../../../../arm-none-eabi/lib/thumb/v7e-m+fp/hard\libc_nano.a(libc_a-memmove.o)
 .ARM.attributes
                0x00000506       0x34 D:/app/STM32_Cube_IDE/STM32/STM32CubeIDE_1.17.0/STM32CubeIDE/plugins/com.st.stm32cube.ide.mcu.externaltools.gnu-tools-for-stm32.12.3.rel1.win32_1.1.0.202410251130/tools/bin/../lib/gcc/arm-none-eabi/12.3.1/../../../../arm-none-eabi/lib/thumb/v7e-m+fp/hard\libc_nano.a(libc_a-sbrkr.o)
 .ARM.attributes
                0x0000053a       0x1c D:/app/STM32_Cube_IDE/STM32/STM32CubeIDE_1.17.0/STM32CubeIDE/plugins/com.st.stm32cube.ide.mcu.externaltools.gnu-tools-for-stm32.12.3.rel1.win32_1.1.0.202410251130/tools/bin/../lib/gcc/arm-none-eabi/12.3.1/../../../../arm-none-eabi/lib/thumb/v7e-m+fp/hard\libc_nano.a(libc_a-memchr.o)
 .ARM.attributes
                0x00000556       0x34 D:/app/STM32_Cube_IDE/STM32/STM32CubeIDE_1.17.0/STM32CubeIDE/plugins/com.st.stm32cube.ide.mcu.externaltools.gnu-tools-for-stm32.12.3.rel1.win32_1.1.0.202410251130/tools/bin/../lib/gcc/arm-none-eabi/12.3.1/../../../../arm-none-eabi/lib/thumb/v7e-m+fp/hard\libc_nano.a(libc_a-memcpy-stub.o)
 .ARM.attributes
                0x0000058a       0x34 D:/app/STM32_Cube_IDE/STM32/STM32CubeIDE_1.17.0/STM32CubeIDE/plugins/com.st.stm32cube.ide.mcu.externaltools.gnu-tools-for-stm32.12.3.rel1.win32_1.1.0.202410251130/tools/bin/../lib/gcc/arm-none-eabi/12.3.1/../../../../arm-none-eabi/lib/thumb/v7e-m+fp/hard\libc_nano.a(libc_a-reallocr.o)
 .ARM.attributes
                0x000005be       0x34 D:/app/STM32_Cube_IDE/STM32/STM32CubeIDE_1.17.0/STM32CubeIDE/plugins/com.st.stm32cube.ide.mcu.externaltools.gnu-tools-for-stm32.12.3.rel1.win32_1.1.0.202410251130/tools/bin/../lib/gcc/arm-none-eabi/12.3.1/../../../../arm-none-eabi/lib/thumb/v7e-m+fp/hard\libc_nano.a(libc_a-msizer.o)
 .ARM.attributes
                0x000005f2       0x34 D:/app/STM32_Cube_IDE/STM32/STM32CubeIDE_1.17.0/STM32CubeIDE/plugins/com.st.stm32cube.ide.mcu.externaltools.gnu-tools-for-stm32.12.3.rel1.win32_1.1.0.202410251130/tools/bin/../lib/gcc/arm-none-eabi/12.3.1/../../../../arm-none-eabi/lib/thumb/v7e-m+fp/hard\libnosys.a(sbrk.o)
 .ARM.attributes
                0x00000626       0x22 D:/app/STM32_Cube_IDE/STM32/STM32CubeIDE_1.17.0/STM32CubeIDE/plugins/com.st.stm32cube.ide.mcu.externaltools.gnu-tools-for-stm32.12.3.rel1.win32_1.1.0.202410251130/tools/bin/../lib/gcc/arm-none-eabi/12.3.1/thumb/v7e-m+fp/hard/crtn.o
OUTPUT(OLED.elf elf32-littlearm)
LOAD linker stubs
LOAD D:/app/STM32_Cube_IDE/STM32/STM32CubeIDE_1.17.0/STM32CubeIDE/plugins/com.st.stm32cube.ide.mcu.externaltools.gnu-tools-for-stm32.12.3.rel1.win32_1.1.0.202410251130/tools/bin/../lib/gcc/arm-none-eabi/12.3.1/../../../../arm-none-eabi/lib/thumb/v7e-m+fp/hard\libc.a
LOAD D:/app/STM32_Cube_IDE/STM32/STM32CubeIDE_1.17.0/STM32CubeIDE/plugins/com.st.stm32cube.ide.mcu.externaltools.gnu-tools-for-stm32.12.3.rel1.win32_1.1.0.202410251130/tools/bin/../lib/gcc/arm-none-eabi/12.3.1/../../../../arm-none-eabi/lib/thumb/v7e-m+fp/hard\libm.a
LOAD D:/app/STM32_Cube_IDE/STM32/STM32CubeIDE_1.17.0/STM32CubeIDE/plugins/com.st.stm32cube.ide.mcu.externaltools.gnu-tools-for-stm32.12.3.rel1.win32_1.1.0.202410251130/tools/bin/../lib/gcc/arm-none-eabi/12.3.1/thumb/v7e-m+fp/hard\libgcc.a

.debug_info     0x00000000     0x2a20
 .debug_info    0x00000000      0x461 ./Core/Src/adc.o
 .debug_info    0x00000461      0xb61 ./Core/Src/exti.o
 .debug_info    0x00000fc2      0x3e5 ./Core/Src/i2c.o
 .debug_info    0x000013a7      0x32d ./Core/Src/led.o
 .debug_info    0x000016d4      0x3ed ./Core/Src/main.o
 .debug_info    0x00001ac1      0x356 ./Core/Src/oled.o
 .debug_info    0x00001e17      0x43b ./Core/Src/pwm.o
 .debug_info    0x00002252       0xf8 ./Core/Src/stm32f4xx_it.o
 .debug_info    0x0000234a      0x168 ./Core/Src/system.o
 .debug_info    0x000024b2      0x53e ./Core/Src/system_stm32f4xx.o
 .debug_info    0x000029f0       0x30 ./Core/Startup/startup_stm32f401retx.o

.debug_abbrev   0x00000000      0xb5d
 .debug_abbrev  0x00000000      0x14f ./Core/Src/adc.o
 .debug_abbrev  0x0000014f      0x1f7 ./Core/Src/exti.o
 .debug_abbrev  0x00000346      0x107 ./Core/Src/i2c.o
 .debug_abbrev  0x0000044d       0xe1 ./Core/Src/led.o
 .debug_abbrev  0x0000052e      0x158 ./Core/Src/main.o
 .debug_abbrev  0x00000686      0x151 ./Core/Src/oled.o
 .debug_abbrev  0x000007d7       0xe1 ./Core/Src/pwm.o
 .debug_abbrev  0x000008b8       0x47 ./Core/Src/stm32f4xx_it.o
 .debug_abbrev  0x000008ff      0x120 ./Core/Src/system.o
 .debug_abbrev  0x00000a1f      0x11a ./Core/Src/system_stm32f4xx.o
 .debug_abbrev  0x00000b39       0x24 ./Core/Startup/startup_stm32f401retx.o

.debug_aranges  0x00000000      0x248
 .debug_aranges
                0x00000000       0x30 ./Core/Src/adc.o
 .debug_aranges
                0x00000030       0x48 ./Core/Src/exti.o
 .debug_aranges
                0x00000078       0x28 ./Core/Src/i2c.o
 .debug_aranges
                0x000000a0       0x28 ./Core/Src/led.o
 .debug_aranges
                0x000000c8       0x20 ./Core/Src/main.o
 .debug_aranges
                0x000000e8       0x58 ./Core/Src/oled.o
 .debug_aranges
                0x00000140       0x28 ./Core/Src/pwm.o
 .debug_aranges
                0x00000168       0x58 ./Core/Src/stm32f4xx_it.o
 .debug_aranges
                0x000001c0       0x38 ./Core/Src/system.o
 .debug_aranges
                0x000001f8       0x28 ./Core/Src/system_stm32f4xx.o
 .debug_aranges
                0x00000220       0x28 ./Core/Startup/startup_stm32f401retx.o

.debug_rnglists
                0x00000000      0x187
 .debug_rnglists
                0x00000000       0x1f ./Core/Src/adc.o
 .debug_rnglists
                0x0000001f       0x33 ./Core/Src/exti.o
 .debug_rnglists
                0x00000052       0x1b ./Core/Src/i2c.o
 .debug_rnglists
                0x0000006d       0x19 ./Core/Src/led.o
 .debug_rnglists
                0x00000086       0x14 ./Core/Src/main.o
 .debug_rnglists
                0x0000009a       0x3e ./Core/Src/oled.o
 .debug_rnglists
                0x000000d8       0x1a ./Core/Src/pwm.o
 .debug_rnglists
                0x000000f2       0x3d ./Core/Src/stm32f4xx_it.o
 .debug_rnglists
                0x0000012f       0x25 ./Core/Src/system.o
 .debug_rnglists
                0x00000154       0x1a ./Core/Src/system_stm32f4xx.o
 .debug_rnglists
                0x0000016e       0x19 ./Core/Startup/startup_stm32f401retx.o

.debug_macro    0x00000000    0x15201
 .debug_macro   0x00000000      0x1ce ./Core/Src/adc.o
 .debug_macro   0x000001ce      0xab4 ./Core/Src/adc.o
 .debug_macro   0x00000c82       0x2e ./Core/Src/adc.o
 .debug_macro   0x00000cb0       0x28 ./Core/Src/adc.o
 .debug_macro   0x00000cd8       0x22 ./Core/Src/adc.o
 .debug_macro   0x00000cfa       0x8e ./Core/Src/adc.o
 .debug_macro   0x00000d88       0x51 ./Core/Src/adc.o
 .debug_macro   0x00000dd9      0x103 ./Core/Src/adc.o
 .debug_macro   0x00000edc       0x6a ./Core/Src/adc.o
 .debug_macro   0x00000f46      0x1df ./Core/Src/adc.o
 .debug_macro   0x00001125       0x1c ./Core/Src/adc.o
 .debug_macro   0x00001141       0x22 ./Core/Src/adc.o
 .debug_macro   0x00001163       0xfb ./Core/Src/adc.o
 .debug_macro   0x0000125e     0x1011 ./Core/Src/adc.o
 .debug_macro   0x0000226f      0x11f ./Core/Src/adc.o
 .debug_macro   0x0000238e     0xb881 ./Core/Src/adc.o
 .debug_macro   0x0000dc0f       0x6d ./Core/Src/adc.o
 .debug_macro   0x0000dc7c      0x295 ./Core/Src/adc.o
 .debug_macro   0x0000df11     0x3693 ./Core/Src/adc.o
 .debug_macro   0x000115a4      0x189 ./Core/Src/adc.o
 .debug_macro   0x0001172d       0x5c ./Core/Src/adc.o
 .debug_macro   0x00011789      0x416 ./Core/Src/adc.o
 .debug_macro   0x00011b9f      0x9e9 ./Core/Src/adc.o
 .debug_macro   0x00012588      0x115 ./Core/Src/adc.o
 .debug_macro   0x0001269d       0xf8 ./Core/Src/adc.o
 .debug_macro   0x00012795       0xa5 ./Core/Src/adc.o
 .debug_macro   0x0001283a      0x15f ./Core/Src/adc.o
 .debug_macro   0x00012999      0x287 ./Core/Src/adc.o
 .debug_macro   0x00012c20       0x5f ./Core/Src/adc.o
 .debug_macro   0x00012c7f      0x236 ./Core/Src/adc.o
 .debug_macro   0x00012eb5      0x132 ./Core/Src/adc.o
 .debug_macro   0x00012fe7      0x264 ./Core/Src/adc.o
 .debug_macro   0x0001324b       0x2e ./Core/Src/adc.o
 .debug_macro   0x00013279      0x127 ./Core/Src/adc.o
 .debug_macro   0x000133a0       0x85 ./Core/Src/adc.o
 .debug_macro   0x00013425       0x89 ./Core/Src/adc.o
 .debug_macro   0x000134ae      0x2aa ./Core/Src/adc.o
 .debug_macro   0x00013758      0x126 ./Core/Src/adc.o
 .debug_macro   0x0001387e      0x1ce ./Core/Src/exti.o
 .debug_macro   0x00013a4c      0x1ca ./Core/Src/i2c.o
 .debug_macro   0x00013c16      0x1c4 ./Core/Src/led.o
 .debug_macro   0x00013dda      0x200 ./Core/Src/main.o
 .debug_macro   0x00013fda      0x188 ./Core/Src/oled.o
 .debug_macro   0x00014162       0x61 ./Core/Src/oled.o
 .debug_macro   0x000141c3       0x2a ./Core/Src/oled.o
 .debug_macro   0x000141ed       0x43 ./Core/Src/oled.o
 .debug_macro   0x00014230       0x34 ./Core/Src/oled.o
 .debug_macro   0x00014264       0x16 ./Core/Src/oled.o
 .debug_macro   0x0001427a       0x43 ./Core/Src/oled.o
 .debug_macro   0x000142bd       0x34 ./Core/Src/oled.o
 .debug_macro   0x000142f1       0x10 ./Core/Src/oled.o
 .debug_macro   0x00014301       0x58 ./Core/Src/oled.o
 .debug_macro   0x00014359       0x8e ./Core/Src/oled.o
 .debug_macro   0x000143e7       0x1c ./Core/Src/oled.o
 .debug_macro   0x00014403      0x177 ./Core/Src/oled.o
 .debug_macro   0x0001457a      0x369 ./Core/Src/oled.o
 .debug_macro   0x000148e3       0x10 ./Core/Src/oled.o
 .debug_macro   0x000148f3       0x35 ./Core/Src/oled.o
 .debug_macro   0x00014928       0x20 ./Core/Src/oled.o
 .debug_macro   0x00014948       0x1c ./Core/Src/oled.o
 .debug_macro   0x00014964       0x10 ./Core/Src/oled.o
 .debug_macro   0x00014974       0x1c ./Core/Src/oled.o
 .debug_macro   0x00014990       0x16 ./Core/Src/oled.o
 .debug_macro   0x000149a6      0x146 ./Core/Src/oled.o
 .debug_macro   0x00014aec      0x1c4 ./Core/Src/pwm.o
 .debug_macro   0x00014cb0      0x1d3 ./Core/Src/stm32f4xx_it.o
 .debug_macro   0x00014e83      0x1c4 ./Core/Src/system.o
 .debug_macro   0x00015047      0x1ba ./Core/Src/system_stm32f4xx.o

.debug_line     0x00000000     0x5164
 .debug_line    0x00000000      0x857 ./Core/Src/adc.o
 .debug_line    0x00000857      0x96a ./Core/Src/exti.o
 .debug_line    0x000011c1      0x928 ./Core/Src/i2c.o
 .debug_line    0x00001ae9      0x75c ./Core/Src/led.o
 .debug_line    0x00002245      0x82a ./Core/Src/main.o
 .debug_line    0x00002a6f      0x773 ./Core/Src/oled.o
 .debug_line    0x000031e2      0x84f ./Core/Src/pwm.o
 .debug_line    0x00003a31      0x7c0 ./Core/Src/stm32f4xx_it.o
 .debug_line    0x000041f1      0x76e ./Core/Src/system.o
 .debug_line    0x0000495f      0x78b ./Core/Src/system_stm32f4xx.o
 .debug_line    0x000050ea       0x7a ./Core/Startup/startup_stm32f401retx.o

.debug_str      0x00000000    0x83439
 .debug_str     0x00000000    0x7f280 ./Core/Src/adc.o
                              0x7f51d (size before relaxing)
 .debug_str     0x0007f280      0x50b ./Core/Src/exti.o
                              0x7f9fd (size before relaxing)
 .debug_str     0x0007f78b       0x77 ./Core/Src/i2c.o
                              0x7f4cb (size before relaxing)
 .debug_str     0x0007f802       0x6b ./Core/Src/led.o
                              0x7f4a2 (size before relaxing)
 .debug_str     0x0007f86d       0xd6 ./Core/Src/main.o
                              0x7f53c (size before relaxing)
 .debug_str     0x0007f943     0x37f3 ./Core/Src/oled.o
                               0x792a (size before relaxing)
 .debug_str     0x00083136       0x12 ./Core/Src/pwm.o
                              0x7f4d5 (size before relaxing)
 .debug_str     0x00083148      0x1dd ./Core/Src/stm32f4xx_it.o
                              0x7f4df (size before relaxing)
 .debug_str     0x00083325       0x49 ./Core/Src/system.o
                              0x7f392 (size before relaxing)
 .debug_str     0x0008336e       0x87 ./Core/Src/system_stm32f4xx.o
                              0x7f511 (size before relaxing)
 .debug_str     0x000833f5       0x44 ./Core/Startup/startup_stm32f401retx.o
                                 0x7c (size before relaxing)

.comment        0x00000000       0x43
 .comment       0x00000000       0x43 ./Core/Src/adc.o
                                 0x44 (size before relaxing)
 .comment       0x00000043       0x44 ./Core/Src/exti.o
 .comment       0x00000043       0x44 ./Core/Src/i2c.o
 .comment       0x00000043       0x44 ./Core/Src/led.o
 .comment       0x00000043       0x44 ./Core/Src/main.o
 .comment       0x00000043       0x44 ./Core/Src/oled.o
 .comment       0x00000043       0x44 ./Core/Src/pwm.o
 .comment       0x00000043       0x44 ./Core/Src/stm32f4xx_it.o
 .comment       0x00000043       0x44 ./Core/Src/system.o
 .comment       0x00000043       0x44 ./Core/Src/system_stm32f4xx.o

.debug_frame    0x00000000      0xb00
 .debug_frame   0x00000000       0x70 ./Core/Src/adc.o
 .debug_frame   0x00000070       0xe8 ./Core/Src/exti.o
 .debug_frame   0x00000158       0x58 ./Core/Src/i2c.o
 .debug_frame   0x000001b0       0x58 ./Core/Src/led.o
 .debug_frame   0x00000208       0x30 ./Core/Src/main.o
 .debug_frame   0x00000238      0x134 ./Core/Src/oled.o
 .debug_frame   0x0000036c       0x58 ./Core/Src/pwm.o
 .debug_frame   0x000003c4       0xe8 ./Core/Src/stm32f4xx_it.o
 .debug_frame   0x000004ac       0x98 ./Core/Src/system.o
 .debug_frame   0x00000544       0x58 ./Core/Src/system_stm32f4xx.o
 .debug_frame   0x0000059c      0x144 D:/app/STM32_Cube_IDE/STM32/STM32CubeIDE_1.17.0/STM32CubeIDE/plugins/com.st.stm32cube.ide.mcu.externaltools.gnu-tools-for-stm32.12.3.rel1.win32_1.1.0.202410251130/tools/bin/../lib/gcc/arm-none-eabi/12.3.1/../../../../arm-none-eabi/lib/thumb/v7e-m+fp/hard\libc_nano.a(libc_a-findfp.o)
 .debug_frame   0x000006e0       0x6c D:/app/STM32_Cube_IDE/STM32/STM32CubeIDE_1.17.0/STM32CubeIDE/plugins/com.st.stm32cube.ide.mcu.externaltools.gnu-tools-for-stm32.12.3.rel1.win32_1.1.0.202410251130/tools/bin/../lib/gcc/arm-none-eabi/12.3.1/../../../../arm-none-eabi/lib/thumb/v7e-m+fp/hard\libc_nano.a(libc_a-sprintf.o)
 .debug_frame   0x0000074c       0x38 D:/app/STM32_Cube_IDE/STM32/STM32CubeIDE_1.17.0/STM32CubeIDE/plugins/com.st.stm32cube.ide.mcu.externaltools.gnu-tools-for-stm32.12.3.rel1.win32_1.1.0.202410251130/tools/bin/../lib/gcc/arm-none-eabi/12.3.1/../../../../arm-none-eabi/lib/thumb/v7e-m+fp/hard\libc_nano.a(libc_a-reent.o)
 .debug_frame   0x00000784       0x2c D:/app/STM32_Cube_IDE/STM32/STM32CubeIDE_1.17.0/STM32CubeIDE/plugins/com.st.stm32cube.ide.mcu.externaltools.gnu-tools-for-stm32.12.3.rel1.win32_1.1.0.202410251130/tools/bin/../lib/gcc/arm-none-eabi/12.3.1/../../../../arm-none-eabi/lib/thumb/v7e-m+fp/hard\libc_nano.a(libc_a-init.o)
 .debug_frame   0x000007b0       0xb0 D:/app/STM32_Cube_IDE/STM32/STM32CubeIDE_1.17.0/STM32CubeIDE/plugins/com.st.stm32cube.ide.mcu.externaltools.gnu-tools-for-stm32.12.3.rel1.win32_1.1.0.202410251130/tools/bin/../lib/gcc/arm-none-eabi/12.3.1/../../../../arm-none-eabi/lib/thumb/v7e-m+fp/hard\libc_nano.a(libc_a-lock.o)
 .debug_frame   0x00000860       0x38 D:/app/STM32_Cube_IDE/STM32/STM32CubeIDE_1.17.0/STM32CubeIDE/plugins/com.st.stm32cube.ide.mcu.externaltools.gnu-tools-for-stm32.12.3.rel1.win32_1.1.0.202410251130/tools/bin/../lib/gcc/arm-none-eabi/12.3.1/../../../../arm-none-eabi/lib/thumb/v7e-m+fp/hard\libc_nano.a(libc_a-freer.o)
 .debug_frame   0x00000898       0x50 D:/app/STM32_Cube_IDE/STM32/STM32CubeIDE_1.17.0/STM32CubeIDE/plugins/com.st.stm32cube.ide.mcu.externaltools.gnu-tools-for-stm32.12.3.rel1.win32_1.1.0.202410251130/tools/bin/../lib/gcc/arm-none-eabi/12.3.1/../../../../arm-none-eabi/lib/thumb/v7e-m+fp/hard\libc_nano.a(libc_a-mallocr.o)
 .debug_frame   0x000008e8       0x30 D:/app/STM32_Cube_IDE/STM32/STM32CubeIDE_1.17.0/STM32CubeIDE/plugins/com.st.stm32cube.ide.mcu.externaltools.gnu-tools-for-stm32.12.3.rel1.win32_1.1.0.202410251130/tools/bin/../lib/gcc/arm-none-eabi/12.3.1/../../../../arm-none-eabi/lib/thumb/v7e-m+fp/hard\libc_nano.a(libc_a-mlock.o)
 .debug_frame   0x00000918       0x90 D:/app/STM32_Cube_IDE/STM32/STM32CubeIDE_1.17.0/STM32CubeIDE/plugins/com.st.stm32cube.ide.mcu.externaltools.gnu-tools-for-stm32.12.3.rel1.win32_1.1.0.202410251130/tools/bin/../lib/gcc/arm-none-eabi/12.3.1/../../../../arm-none-eabi/lib/thumb/v7e-m+fp/hard\libc_nano.a(libc_a-nano-svfprintf.o)
 .debug_frame   0x000009a8       0x60 D:/app/STM32_Cube_IDE/STM32/STM32CubeIDE_1.17.0/STM32CubeIDE/plugins/com.st.stm32cube.ide.mcu.externaltools.gnu-tools-for-stm32.12.3.rel1.win32_1.1.0.202410251130/tools/bin/../lib/gcc/arm-none-eabi/12.3.1/../../../../arm-none-eabi/lib/thumb/v7e-m+fp/hard\libc_nano.a(libc_a-nano-vfprintf_i.o)
 .debug_frame   0x00000a08       0x28 D:/app/STM32_Cube_IDE/STM32/STM32CubeIDE_1.17.0/STM32CubeIDE/plugins/com.st.stm32cube.ide.mcu.externaltools.gnu-tools-for-stm32.12.3.rel1.win32_1.1.0.202410251130/tools/bin/../lib/gcc/arm-none-eabi/12.3.1/../../../../arm-none-eabi/lib/thumb/v7e-m+fp/hard\libc_nano.a(libc_a-memmove.o)
 .debug_frame   0x00000a30       0x2c D:/app/STM32_Cube_IDE/STM32/STM32CubeIDE_1.17.0/STM32CubeIDE/plugins/com.st.stm32cube.ide.mcu.externaltools.gnu-tools-for-stm32.12.3.rel1.win32_1.1.0.202410251130/tools/bin/../lib/gcc/arm-none-eabi/12.3.1/../../../../arm-none-eabi/lib/thumb/v7e-m+fp/hard\libc_nano.a(libc_a-sbrkr.o)
 .debug_frame   0x00000a5c       0x28 D:/app/STM32_Cube_IDE/STM32/STM32CubeIDE_1.17.0/STM32CubeIDE/plugins/com.st.stm32cube.ide.mcu.externaltools.gnu-tools-for-stm32.12.3.rel1.win32_1.1.0.202410251130/tools/bin/../lib/gcc/arm-none-eabi/12.3.1/../../../../arm-none-eabi/lib/thumb/v7e-m+fp/hard\libc_nano.a(libc_a-memcpy-stub.o)
 .debug_frame   0x00000a84       0x3c D:/app/STM32_Cube_IDE/STM32/STM32CubeIDE_1.17.0/STM32CubeIDE/plugins/com.st.stm32cube.ide.mcu.externaltools.gnu-tools-for-stm32.12.3.rel1.win32_1.1.0.202410251130/tools/bin/../lib/gcc/arm-none-eabi/12.3.1/../../../../arm-none-eabi/lib/thumb/v7e-m+fp/hard\libc_nano.a(libc_a-reallocr.o)
 .debug_frame   0x00000ac0       0x20 D:/app/STM32_Cube_IDE/STM32/STM32CubeIDE_1.17.0/STM32CubeIDE/plugins/com.st.stm32cube.ide.mcu.externaltools.gnu-tools-for-stm32.12.3.rel1.win32_1.1.0.202410251130/tools/bin/../lib/gcc/arm-none-eabi/12.3.1/../../../../arm-none-eabi/lib/thumb/v7e-m+fp/hard\libc_nano.a(libc_a-msizer.o)
 .debug_frame   0x00000ae0       0x20 D:/app/STM32_Cube_IDE/STM32/STM32CubeIDE_1.17.0/STM32CubeIDE/plugins/com.st.stm32cube.ide.mcu.externaltools.gnu-tools-for-stm32.12.3.rel1.win32_1.1.0.202410251130/tools/bin/../lib/gcc/arm-none-eabi/12.3.1/../../../../arm-none-eabi/lib/thumb/v7e-m+fp/hard\libnosys.a(sbrk.o)

.debug_line_str
                0x00000000       0x60
 .debug_line_str
                0x00000000       0x60 ./Core/Startup/startup_stm32f401retx.o
