14:38:36 **** Incremental Build of configuration Debug for project led_and_button ****
make -j16 all 
arm-none-eabi-gcc "../Core/Src/main.c" -mcpu=cortex-m4 -std=gnu11 -g3 -DDEBUG -DUSE_HAL_DRIVER -DSTM32F401xC -c -I../Core/Inc -I../Drivers/STM32F4xx_HAL_Driver/Inc -I../Drivers/STM32F4xx_HAL_Driver/Inc/Legacy -I../Drivers/CMSIS/Device/ST/STM32F4xx/Include -I../Drivers/CMSIS/Include -O0 -ffunction-sections -fdata-sections -Wall -fstack-usage -fcyclomatic-complexity -MMD -MP -MF"Core/Src/main.d" -MT"Core/Src/main.o" --specs=nano.specs -mfpu=fpv4-sp-d16 -mfloat-abi=hard -mthumb -o "Core/Src/main.o"
../Core/Src/main.c: In function 'main':
../Core/Src/main.c:32:9: warning: implicit declaration of function 'sprintf' [-Wimplicit-function-declaration]
   32 |         sprintf(msg, "Button1 pressed. LED1 = %d\r\n", led1_state);
      |         ^~~~~~~
../Core/Src/main.c:3:1: note: include '<stdio.h>' or provide a declaration of 'sprintf'
    2 | #include <string.h>
  +++ |+#include <stdio.h>
    3 | 
../Core/Src/main.c:32:9: warning: incompatible implicit declaration of built-in function 'sprintf' [-Wbuiltin-declaration-mismatch]
   32 |         sprintf(msg, "Button1 pressed. LED1 = %d\r\n", led1_state);
      |         ^~~~~~~
../Core/Src/main.c:32:9: note: include '<stdio.h>' or provide a declaration of 'sprintf'
../Core/Src/main.c:46:9: warning: incompatible implicit declaration of built-in function 'sprintf' [-Wbuiltin-declaration-mismatch]
   46 |         sprintf(msg, "Button2 pressed. LED2 = %d\r\n", led2_state);
      |         ^~~~~~~
../Core/Src/main.c:46:9: note: include '<stdio.h>' or provide a declaration of 'sprintf'
../Core/Src/main.c: In function 'MX_USART2_UART_Init':
../Core/Src/main.c:67:5: warning: implicit declaration of function 'Error_Handler' [-Wimplicit-function-declaration]
   67 |     Error_Handler();
      |     ^~~~~~~~~~~~~
../Core/Src/main.c: At top level:
../Core/Src/main.c:116:6: warning: conflicting types for 'Error_Handler'; have 'void(void)'
  116 | void Error_Handler(void){while (1){}}
      |      ^~~~~~~~~~~~~
../Core/Src/main.c:67:5: note: previous implicit declaration of 'Error_Handler' with type 'void(void)'
   67 |     Error_Handler();
      |     ^~~~~~~~~~~~~
arm-none-eabi-gcc -o "led_and_button.elf" @"objects.list"   -mcpu=cortex-m4 -T"D:\prj-upload-github\nhung\Gas-Detection-Systems\stm\led_and_button\STM32F401CCUX_FLASH.ld" --specs=nosys.specs -Wl,-Map="led_and_button.map" -Wl,--gc-sections -static --specs=nano.specs -mfpu=fpv4-sp-d16 -mfloat-abi=hard -mthumb -u _printf_float -u _scanf_float -Wl,--start-group -lc -lm -Wl,--end-group
Finished building target: led_and_button.elf
 
arm-none-eabi-size  led_and_button.elf 
arm-none-eabi-objdump -h -S led_and_button.elf  > "led_and_button.list"
   text	   data	    bss	    dec	    hex	filename
  30816	    468	   1980	  33264	   81f0	led_and_button.elf
Finished building: default.size.stdout
 
Finished building: led_and_button.list
 
14:39:27 **** Incremental Build of configuration Debug for project led_and_button ****
make -j16 all 
arm-none-eabi-size  led_and_button.elf 
   text	   data	    bss	    dec	    hex	filename
  30816	    468	   1980	  33264	   81f0	led_and_button.elf
Finished building: default.size.stdout
 
14:57:42 **** Incremental Build of configuration Debug for project led_and_button ****
make -j16 all 
arm-none-eabi-size  led_and_button.elf 
   text	   data	    bss	    dec	    hex	filename
  30816	    468	   1980	  33264	   81f0	led_and_button.elf
Finished building: default.size.stdout
 
15:02:19 **** Incremental Build of configuration Debug for project led_and_button ****
make -j16 all 
arm-none-eabi-gcc "../Core/Src/main.c" -mcpu=cortex-m4 -std=gnu11 -g3 -DDEBUG -DUSE_HAL_DRIVER -DSTM32F401xC -c -I../Core/Inc -I../Drivers/STM32F4xx_HAL_Driver/Inc -I../Drivers/STM32F4xx_HAL_Driver/Inc/Legacy -I../Drivers/CMSIS/Device/ST/STM32F4xx/Include -I../Drivers/CMSIS/Include -O0 -ffunction-sections -fdata-sections -Wall -fstack-usage -fcyclomatic-complexity -MMD -MP -MF"Core/Src/main.d" -MT"Core/Src/main.o" --specs=nano.specs -mfpu=fpv4-sp-d16 -mfloat-abi=hard -mthumb -o "Core/Src/main.o"
../Core/Src/main.c: In function 'main':
../Core/Src/main.c:32:9: warning: implicit declaration of function 'sprintf' [-Wimplicit-function-declaration]
   32 |         sprintf(msg, "PB0 PRESSED -> LED1 = %d\r\n", led1_state);
      |         ^~~~~~~
../Core/Src/main.c:3:1: note: include '<stdio.h>' or provide a declaration of 'sprintf'
    2 | #include <string.h>
  +++ |+#include <stdio.h>
    3 | 
../Core/Src/main.c:32:9: warning: incompatible implicit declaration of built-in function 'sprintf' [-Wbuiltin-declaration-mismatch]
   32 |         sprintf(msg, "PB0 PRESSED -> LED1 = %d\r\n", led1_state);
      |         ^~~~~~~
../Core/Src/main.c:32:9: note: include '<stdio.h>' or provide a declaration of 'sprintf'
../Core/Src/main.c:47:9: warning: incompatible implicit declaration of built-in function 'sprintf' [-Wbuiltin-declaration-mismatch]
   47 |         sprintf(msg, "PB1 PRESSED -> LED2 = %d\r\n", led2_state);
      |         ^~~~~~~
../Core/Src/main.c:47:9: note: include '<stdio.h>' or provide a declaration of 'sprintf'
../Core/Src/main.c: In function 'MX_USART2_UART_Init':
../Core/Src/main.c:69:5: warning: implicit declaration of function 'Error_Handler' [-Wimplicit-function-declaration]
   69 |     Error_Handler();
      |     ^~~~~~~~~~~~~
../Core/Src/main.c: At top level:
../Core/Src/main.c:116:6: warning: conflicting types for 'Error_Handler'; have 'void(void)'
  116 | void Error_Handler(void){while (1){}}
      |      ^~~~~~~~~~~~~
../Core/Src/main.c:69:5: note: previous implicit declaration of 'Error_Handler' with type 'void(void)'
   69 |     Error_Handler();
      |     ^~~~~~~~~~~~~
arm-none-eabi-gcc -o "led_and_button.elf" @"objects.list"   -mcpu=cortex-m4 -T"D:\prj-upload-github\nhung\Gas-Detection-Systems\stm\led_and_button\STM32F401CCUX_FLASH.ld" --specs=nosys.specs -Wl,-Map="led_and_button.map" -Wl,--gc-sections -static --specs=nano.specs -mfpu=fpv4-sp-d16 -mfloat-abi=hard -mthumb -u _printf_float -u _scanf_float -Wl,--start-group -lc -lm -Wl,--end-group
Finished building target: led_and_button.elf
 
arm-none-eabi-size  led_and_button.elf 
arm-none-eabi-objdump -h -S led_and_button.elf  > "led_and_button.list"
   text	   data	    bss	    dec	    hex	filename
  30800	    468	   1980	  33248	   81e0	led_and_button.elf
Finished building: default.size.stdout
 
Finished building: led_and_button.list
 
15:08:33 **** Incremental Build of configuration Debug for project led_and_button ****
make -j16 all 
arm-none-eabi-gcc "../Core/Src/main.c" -mcpu=cortex-m4 -std=gnu11 -g3 -DDEBUG -DUSE_HAL_DRIVER -DSTM32F401xC -c -I../Core/Inc -I../Drivers/STM32F4xx_HAL_Driver/Inc -I../Drivers/STM32F4xx_HAL_Driver/Inc/Legacy -I../Drivers/CMSIS/Device/ST/STM32F4xx/Include -I../Drivers/CMSIS/Include -O0 -ffunction-sections -fdata-sections -Wall -fstack-usage -fcyclomatic-complexity -MMD -MP -MF"Core/Src/main.d" -MT"Core/Src/main.o" --specs=nano.specs -mfpu=fpv4-sp-d16 -mfloat-abi=hard -mthumb -o "Core/Src/main.o"
../Core/Src/main.c: In function 'int_to_string':
../Core/Src/main.c:32:5: warning: implicit declaration of function 'sprintf' [-Wimplicit-function-declaration]
   32 |     sprintf(str, "%d", num);
      |     ^~~~~~~
../Core/Src/main.c:2:1: note: include '<stdio.h>' or provide a declaration of 'sprintf'
    1 | #include "stm32f4xx.h"
  +++ |+#include <stdio.h>
    2 | 
../Core/Src/main.c:32:5: warning: incompatible implicit declaration of built-in function 'sprintf' [-Wbuiltin-declaration-mismatch]
   32 |     sprintf(str, "%d", num);
      |     ^~~~~~~
../Core/Src/main.c:32:5: note: include '<stdio.h>' or provide a declaration of 'sprintf'
arm-none-eabi-gcc -o "led_and_button.elf" @"objects.list"   -mcpu=cortex-m4 -T"D:\prj-upload-github\nhung\Gas-Detection-Systems\stm\led_and_button\STM32F401CCUX_FLASH.ld" --specs=nosys.specs -Wl,-Map="led_and_button.map" -Wl,--gc-sections -static --specs=nano.specs -mfpu=fpv4-sp-d16 -mfloat-abi=hard -mthumb -u _printf_float -u _scanf_float -Wl,--start-group -lc -lm -Wl,--end-group
Finished building target: led_and_button.elf
 
arm-none-eabi-size  led_and_button.elf 
arm-none-eabi-objdump -h -S led_and_button.elf  > "led_and_button.list"
   text	   data	    bss	    dec	    hex	filename
  23952	    460	   1908	  26320	   66d0	led_and_button.elf
Finished building: default.size.stdout
 
Finished building: led_and_button.list
 
15:09:52 **** Incremental Build of configuration Debug for project led_and_button ****
make -j16 all 
arm-none-eabi-gcc "../Core/Src/main.c" -mcpu=cortex-m4 -std=gnu11 -g3 -DDEBUG -DUSE_HAL_DRIVER -DSTM32F401xC -c -I../Core/Inc -I../Drivers/STM32F4xx_HAL_Driver/Inc -I../Drivers/STM32F4xx_HAL_Driver/Inc/Legacy -I../Drivers/CMSIS/Device/ST/STM32F4xx/Include -I../Drivers/CMSIS/Include -O0 -ffunction-sections -fdata-sections -Wall -fstack-usage -fcyclomatic-complexity -MMD -MP -MF"Core/Src/main.d" -MT"Core/Src/main.o" --specs=nano.specs -mfpu=fpv4-sp-d16 -mfloat-abi=hard -mthumb -o "Core/Src/main.o"
../Core/Src/main.c: In function 'int_to_string':
../Core/Src/main.c:32:5: warning: implicit declaration of function 'sprintf' [-Wimplicit-function-declaration]
   32 |     sprintf(str, "%d", num);
      |     ^~~~~~~
../Core/Src/main.c:2:1: note: include '<stdio.h>' or provide a declaration of 'sprintf'
    1 | #include "stm32f4xx.h"
  +++ |+#include <stdio.h>
    2 | 
../Core/Src/main.c:32:5: warning: incompatible implicit declaration of built-in function 'sprintf' [-Wbuiltin-declaration-mismatch]
   32 |     sprintf(str, "%d", num);
      |     ^~~~~~~
../Core/Src/main.c:32:5: note: include '<stdio.h>' or provide a declaration of 'sprintf'
arm-none-eabi-gcc -o "led_and_button.elf" @"objects.list"   -mcpu=cortex-m4 -T"D:\prj-upload-github\nhung\Gas-Detection-Systems\stm\led_and_button\STM32F401CCUX_FLASH.ld" --specs=nosys.specs -Wl,-Map="led_and_button.map" -Wl,--gc-sections -static --specs=nano.specs -mfpu=fpv4-sp-d16 -mfloat-abi=hard -mthumb -u _printf_float -u _scanf_float -Wl,--start-group -lc -lm -Wl,--end-group
Finished building target: led_and_button.elf
 
arm-none-eabi-size  led_and_button.elf 
arm-none-eabi-objdump -h -S led_and_button.elf  > "led_and_button.list"
   text	   data	    bss	    dec	    hex	filename
  23968	    460	   1908	  26336	   66e0	led_and_button.elf
Finished building: default.size.stdout
 
Finished building: led_and_button.list
 
15:41:55 **** Incremental Build of configuration Debug for project led_and_button ****
make -j16 all 
arm-none-eabi-gcc "../Core/Src/main.c" -mcpu=cortex-m4 -std=gnu11 -g3 -DDEBUG -DUSE_HAL_DRIVER -DSTM32F401xC -c -I../Core/Inc -I../Drivers/STM32F4xx_HAL_Driver/Inc -I../Drivers/STM32F4xx_HAL_Driver/Inc/Legacy -I../Drivers/CMSIS/Device/ST/STM32F4xx/Include -I../Drivers/CMSIS/Include -O0 -ffunction-sections -fdata-sections -Wall -fstack-usage -fcyclomatic-complexity -MMD -MP -MF"Core/Src/main.d" -MT"Core/Src/main.o" --specs=nano.specs -mfpu=fpv4-sp-d16 -mfloat-abi=hard -mthumb -o "Core/Src/main.o"
arm-none-eabi-gcc -o "led_and_button.elf" @"objects.list"   -mcpu=cortex-m4 -T"D:\prj-upload-github\nhung\Gas-Detection-Systems\stm\led_and_button\STM32F401CCUX_FLASH.ld" --specs=nosys.specs -Wl,-Map="led_and_button.map" -Wl,--gc-sections -static --specs=nano.specs -mfpu=fpv4-sp-d16 -mfloat-abi=hard -mthumb -u _printf_float -u _scanf_float -Wl,--start-group -lc -lm -Wl,--end-group
Finished building target: led_and_button.elf
 
arm-none-eabi-size  led_and_button.elf 
arm-none-eabi-objdump -h -S led_and_button.elf  > "led_and_button.list"
   text	   data	    bss	    dec	    hex	filename
  28328	    468	   1908	  30704	   77f0	led_and_button.elf
Finished building: default.size.stdout
 
Finished building: led_and_button.list
 
