15:41:55 **** Incremental Build of configuration Debug for project led_and_button ****
make -j16 all 
arm-none-eabi-gcc "../Core/Src/main.c" -mcpu=cortex-m4 -std=gnu11 -g3 -DDEBUG -DUSE_HAL_DRIVER -DSTM32F401xC -c -I../Core/Inc -I../Drivers/STM32F4xx_HAL_Driver/Inc -I../Drivers/STM32F4xx_HAL_Driver/Inc/Legacy -I../Drivers/CMSIS/Device/ST/STM32F4xx/Include -I../Drivers/CMSIS/Include -O0 -ffunction-sections -fdata-sections -Wall -fstack-usage -fcyclomatic-complexity -MMD -MP -MF"Core/Src/main.d" -MT"Core/Src/main.o" --specs=nano.specs -mfpu=fpv4-sp-d16 -mfloat-abi=hard -mthumb -o "Core/Src/main.o"
arm-none-eabi-gcc -o "led_and_button.elf" @"objects.list"   -mcpu=cortex-m4 -T"D:\prj-upload-github\nhung\Gas-Detection-Systems\stm\led_and_button\STM32F401CCUX_FLASH.ld" --specs=nosys.specs -Wl,-Map="led_and_button.map" -Wl,--gc-sections -static --specs=nano.specs -mfpu=fpv4-sp-d16 -mfloat-abi=hard -mthumb -u _printf_float -u _scanf_float -Wl,--start-group -lc -lm -Wl,--end-group
Finished building target: led_and_button.elf
 
arm-none-eabi-size  led_and_button.elf 
arm-none-eabi-objdump -h -S led_and_button.elf  > "led_and_button.list"
   text	   data	    bss	    dec	    hex	filename
  28328	    468	   1908	  30704	   77f0	led_and_button.elf
Finished building: default.size.stdout
 
Finished building: led_and_button.list
 

15:41:56 Build Finished. 0 errors, 0 warnings. (took 563ms)

