17:19:12 **** Incremental Build of configuration Debug for project mq2 ****
make -j16 all 
arm-none-eabi-gcc "../Core/Src/main.c" -mcpu=cortex-m4 -std=gnu11 -g3 -DDEBUG -DUSE_HAL_DRIVER -DSTM32F401xC -c -I../Core/Inc -I../Drivers/STM32F4xx_HAL_Driver/Inc -I../Drivers/STM32F4xx_HAL_Driver/Inc/Legacy -I../Drivers/CMSIS/Device/ST/STM32F4xx/Include -I../Drivers/CMSIS/Include -O0 -ffunction-sections -fdata-sections -Wall -fstack-usage -fcyclomatic-complexity -MMD -MP -MF"Core/Src/main.d" -MT"Core/Src/main.o" --specs=nano.specs -mfpu=fpv4-sp-d16 -mfloat-abi=hard -mthumb -o "Core/Src/main.o"
arm-none-eabi-gcc -o "mq2.elf" @"objects.list"   -mcpu=cortex-m4 -T"D:\prj-upload-github\nhung\Gas-Detection-Systems\stm\mq2\STM32F401CCUX_FLASH.ld" --specs=nosys.specs -Wl,-Map="mq2.map" -Wl,--gc-sections -static --specs=nano.specs -mfpu=fpv4-sp-d16 -mfloat-abi=hard -mthumb -Wl,--start-group -lc -lm -Wl,--end-group
Finished building target: mq2.elf
 
arm-none-eabi-size  mq2.elf 
arm-none-eabi-objdump -h -S mq2.elf  > "mq2.list"
   text	   data	    bss	    dec	    hex	filename
   6684	      8	   1776	   8468	   2114	mq2.elf
Finished building: default.size.stdout
 
Finished building: mq2.list
 

17:19:13 Build Finished. 0 errors, 0 warnings. (took 490ms)

