../Core/Src/main.c:77:6:delay	16	static
../Core/Src/main.c:82:6:I2C_WriteByte	16	static
../Core/Src/main.c:97:6:SSD1306_Command	16	static
../Core/Src/main.c:101:6:SSD1306_Data	16	static
../Core/Src/main.c:106:6:SSD1306_Init	8	static
../Core/Src/main.c:127:6:SSD1306_Clear	16	static
../Core/Src/main.c:137:6:SSD1306_SetCursor	16	static
../Core/Src/main.c:144:6:SSD1306_PrintChar	24	static
../Core/Src/main.c:152:6:SSD1306_PrintDaoVanDat	8	static
../Core/Src/main.c:170:6:I2C1_Init	4	static
../Core/Src/main.c:188:5:main	8	static
