../ECUAL/I2C_LCD/I2C_LCD.c:70:13:I2C_LCD_ExpanderWrite	32	static
../ECUAL/I2C_LCD/I2C_LCD.c:76:13:I2C_LCD_EnPulse	32	static
../ECUAL/I2C_LCD/I2C_LCD.c:85:13:I2C_LCD_Write4Bits	16	static
../ECUAL/I2C_LCD/I2C_LCD.c:91:13:I2C_LCD_Send	24	static
../ECUAL/I2C_LCD/I2C_LCD.c:99:13:I2C_LCD_Cmd	16	static
../ECUAL/I2C_LCD/I2C_LCD.c:104:13:I2C_LCD_Data	16	static
../ECUAL/I2C_LCD/I2C_LCD.c:115:6:I2C_LCD_Init	48	static
../ECUAL/I2C_LCD/I2C_LCD.c:136:6:I2C_LCD_Clear	32	static
../ECUAL/I2C_LCD/I2C_LCD.c:142:6:I2C_LCD_Home	32	static
../ECUAL/I2C_LCD/I2C_LCD.c:148:6:I2C_LCD_SetCursor	40	static
../ECUAL/I2C_LCD/I2C_LCD.c:158:6:I2C_LCD_WriteChar	16	static
../ECUAL/I2C_LCD/I2C_LCD.c:163:6:I2C_LCD_WriteString	16	static
../ECUAL/I2C_LCD/I2C_LCD.c:171:6:I2C_LCD_ShiftLeft	16	static
../ECUAL/I2C_LCD/I2C_LCD.c:176:6:I2C_LCD_ShiftRight	16	static
../ECUAL/I2C_LCD/I2C_LCD.c:181:6:I2C_LCD_Backlight	16	static
../ECUAL/I2C_LCD/I2C_LCD.c:187:6:I2C_LCD_NoBacklight	16	static
../ECUAL/I2C_LCD/I2C_LCD.c:193:6:I2C_LCD_Display	16	static
../ECUAL/I2C_LCD/I2C_LCD.c:199:6:I2C_LCD_NoDisplay	16	static
../ECUAL/I2C_LCD/I2C_LCD.c:205:6:I2C_LCD_Cursor	16	static
../ECUAL/I2C_LCD/I2C_LCD.c:211:6:I2C_LCD_NoCursor	16	static
../ECUAL/I2C_LCD/I2C_LCD.c:217:6:I2C_LCD_Blink	16	static
../ECUAL/I2C_LCD/I2C_LCD.c:223:6:I2C_LCD_NoBlink	16	static
../ECUAL/I2C_LCD/I2C_LCD.c:229:6:I2C_LCD_CreateCustomChar	24	static
../ECUAL/I2C_LCD/I2C_LCD.c:239:6:I2C_LCD_PrintCustomChar	16	static
