../Core/Src/main.c:133:6:TIM1_Init	4	static
../Core/Src/main.c:142:6:delay_us	16	static
../Core/Src/main.c:148:6:I2C_GPIO_Init	4	static
../Core/Src/main.c:160:6:I2C_Start	8	static
../Core/Src/main.c:166:6:I2C_Stop	8	static
../Core/Src/main.c:171:6:I2C_Write	24	static
../Core/Src/main.c:182:6:LCD_WriteByte	24	static
../Core/Src/main.c:199:6:LCD_Command	16	static
../Core/Src/main.c:204:6:LCD_Data	16	static
../Core/Src/main.c:209:6:LCD_SetCursor	24	static
../Core/Src/main.c:214:6:LCD_Print	16	static
../Core/Src/main.c:218:6:LCD_Init	8	static
../Core/Src/main.c:232:5:main	8	static
